floor 20 20 "Sheran 3F-4"
mark 11 19 6
mark 4 4 a
mark 18 5 O

line 4 5 top
line 3 5 top
line 5 5 top
line 3 5 left
line 3 6 left
line 3 7 top
line 4 7 left
line 5 7 left
line 5 7 top
line 6 6 left
line 6 5 left
line 4 8 left
line 4 9 left
line 4 10 left
line 4 11 left
line 5 11 left
line 5 9 left
line 5 10 left
line 5 8 left
line 5 12 left
line 4 12 left
line 3 13 top
line 3 13 left
line 3 14 top
line 4 14 top
line 6 13 top
line 5 13 top
line 7 12 left
line 7 12 top
line 8 11 left
line 5 14 left
line 5 15 top
line 7 15 top
line 8 15 top
line 6 15 top
line 9 15 top
line 10 15 left
line 10 16 left
line 10 17 left
line 10 18 left
line 10 19 left
line 10 20 top
line 11 20 top
line 12 20 top
line 13 19 left
line 13 18 left
line 13 17 left
line 13 16 left
line 13 15 left
line 13 15 top
line 8 5 left
line 8 6 left
line 8 7 left
line 8 8 left
line 8 9 left
line 8 10 left
line 8 4 left
line 8 3 left
line 8 3 top
line 9 3 top
line 10 3 top
line 11 3 top
line 12 3 top
line 13 3 top
line 14 3 top
line 15 3 left
line 15 5 left
line 15 4 left
line 15 6 left
line 15 7 left
line 15 8 left
line 15 9 left
line 15 10 left
line 15 11 left
line 10 6 top
line 12 6 top
line 11 6 top
line 10 5 left
line 10 4 left
line 10 4 top
line 11 4 top
line 12 4 top
line 13 4 left
line 13 5 left
line 15 12 top
line 16 12 left
line 16 13 top
line 17 13 top
line 18 12 left
line 19 12 left
line 19 13 top
line 20 13 left
line 19 14 top
line 18 14 top
line 18 14 left
line 17 15 top
line 16 15 top
line 15 15 top
line 14 15 top
line 18 11 left
line 18 10 left
line 18 9 left
line 18 8 left
line 18 7 left
line 19 7 left
line 19 8 left
line 19 9 left
line 19 10 left
line 19 11 left
line 17 6 left
line 17 7 top
line 19 7 top
line 20 6 left
line 18 5 top
line 19 5 top
line 20 5 left
line 17 5 left
line 17 5 top
line 18 5 left
line 19 5 left
line 18 6 top
