floor 17 18 "Treck 4"
mark 14 2 4
mark 15 16 3

mark 2 14 D
mark 2 16 E
mark 7 4 F
mark 6 5 G

line 10 2 top
line 10 2 left
line 11 2 left
line 11 3 top
line 12 2 left
line 12 2 top
line 13 2 top
line 15 2 left
line 14 2 top
line 15 3 left
line 14 4 top
line 14 4 left
line 13 5 top
line 13 5 left
line 13 6 left
line 12 7 top
line 11 7 top
line 10 7 top
line 10 7 left
line 9 7 left
line 8 7 top
line 9 3 top
line 9 3 left
line 9 4 left
line 8 5 top
line 6 5 top
line 7 4 left
line 7 4 top
line 8 4 left
line 6 5 left
line 6 6 left
line 6 7 top
line 7 7 top
line 8 8 top
line 7 8 top
line 6 8 top
line 6 8 left
line 6 9 left
line 10 8 top
line 11 8 top
line 12 8 top
line 13 8 top
line 14 8 top
line 14 10 top
line 13 10 top
line 12 10 top
line 11 10 top
line 10 10 top
line 8 10 top
line 9 10 top
line 7 10 top
line 6 10 top
line 16 8 top
line 15 8 top
line 15 10 left
line 15 11 left
line 15 12 left
line 15 13 left
line 17 14 left
line 17 15 left
line 17 8 left
line 17 9 left
line 17 10 left
line 17 11 left
line 17 12 left
line 17 13 left
line 16 16 top
line 16 16 left
line 15 17 top
line 14 16 top
line 15 16 left
line 6 14 top
line 7 14 top
line 8 14 top
line 9 14 top
line 10 14 top
line 11 14 top
line 12 14 top
line 13 14 top
line 14 14 top
line 7 16 top
line 8 16 top
line 9 16 top
line 10 16 top
line 12 16 top
line 11 16 top
line 13 16 top
line 6 14 left
line 5 15 top
line 5 14 left
line 5 14 top
line 3 14 top
line 4 14 top
line 3 14 left
line 2 15 top
line 2 14 left
line 2 14 top
line 2 16 top
line 3 15 left
line 3 16 left
line 2 17 top
line 2 16 left
line 2 15 left
line 2 17 left
line 2 18 top
line 7 16 left
line 7 17 left
line 6 18 top
line 5 18 top
line 4 18 top
line 3 18 top
