floor 25 14 "Alekia 2"

# way
mark 2 7 1
mark 24 1 2

line 2 7 top
line 2 7 left
line 3 7 top
line 4 7 left
line 4 8 left
line 4 9 left
line 4 10 left
line 4 11 top
line 2 11 left
line 2 12 left
line 2 13 left
line 2 10 left
line 2 9 left
line 2 8 left
line 2 14 top
line 3 14 top
line 4 14 top
line 5 14 top
line 6 14 top
line 7 14 top
line 8 14 top
line 9 14 top
line 10 14 top
line 11 14 top
line 12 14 top
line 13 14 top
line 14 14 top
line 15 14 top
line 16 14 top
line 17 14 top
line 18 14 top
line 19 14 top
line 20 14 top
line 21 14 top
line 22 14 top
line 22 11 top
line 21 11 top
line 20 11 top
line 19 11 top
line 18 11 top
line 17 11 top
line 16 11 top
line 15 11 top
line 14 11 top
line 13 11 top
line 12 11 top
line 11 11 top
line 10 11 top
line 9 11 top
line 7 11 top
line 8 11 top
line 6 11 top
line 5 11 top
line 23 10 left
line 23 14 top
line 24 14 top
line 25 13 left
line 25 12 left
line 25 11 left
line 25 10 left
line 25 9 left
line 25 8 left
line 25 7 left
line 25 6 left
line 25 5 left
line 25 4 left
line 25 3 left
line 25 2 left
line 25 1 left
line 23 9 left
line 23 8 left
line 23 7 left
line 23 6 left
line 23 5 left
line 23 4 left
line 23 3 left
line 23 2 left
line 23 1 left
line 23 1 top
line 24 1 top
