floor 31 19 "Alekia front"
mark 15 18 4
mark 15 5 5

line 2 2 top
line 2 2 left
line 2 3 top
line 3 2 top
line 4 2 top
line 5 2 top
line 6 2 left
line 6 3 left
line 6 4 left
line 6 5 left
line 6 6 left
line 3 3 left
line 2 4 top
line 2 4 left
line 2 5 top
line 3 5 left
line 2 6 top
line 2 6 left
line 1 7 top
line 1 7 left
line 1 8 top
line 6 7 top
line 2 8 left
line 1 9 top
line 1 9 left
line 1 10 top
line 2 10 left
line 1 11 top
line 1 11 left
line 1 12 top
line 2 12 left
line 2 13 top
line 3 13 top
line 4 13 top
line 5 13 top
line 6 13 top
line 7 13 top
line 8 13 top
line 9 13 top
line 10 13 top
line 11 13 top
line 12 13 top
line 13 13 left
line 13 14 top
line 7 7 top
line 8 6 left
line 8 6 top
line 9 6 top
line 10 6 top
line 11 6 left
line 11 7 top
line 12 7 top
line 13 6 left
line 13 6 top
line 14 6 top
line 15 5 left
line 17 5 left
line 15 5 top
line 16 5 top
line 17 6 top
line 18 6 top
line 19 6 left
line 19 7 top
line 20 7 top
line 21 6 left
line 21 6 top
line 22 6 top
line 23 6 top
line 24 6 left
line 24 7 top
line 25 7 top
line 26 6 left
line 26 5 left
line 26 4 left
line 26 3 left
line 26 2 left
line 26 2 top
line 27 2 top
line 28 2 top
line 29 2 top
line 30 2 left
line 29 3 top
line 29 3 left
line 29 4 top
line 30 4 left
line 29 5 top
line 29 5 left
line 29 6 top
line 30 6 left
line 30 7 top
line 31 7 left
line 30 8 top
line 30 8 left
line 30 9 top
line 31 9 left
line 30 10 top
line 30 10 left
line 30 11 top
line 31 11 left
line 30 12 top
line 30 12 left
line 29 13 top
line 28 13 top
line 27 13 top
line 26 13 top
line 25 13 top
line 24 13 top
line 23 13 top
line 22 13 top
line 21 13 top
line 20 13 top
line 19 13 top
line 19 13 left
line 18 14 top
line 18 14 left
line 18 15 top
line 19 15 left
line 18 16 top
line 14 14 left
line 13 15 top
line 13 15 left
line 13 16 top
line 18 16 left
line 14 16 left
line 14 17 left
line 14 18 left
line 14 19 top
line 15 19 top
line 16 19 top
line 17 19 top
line 18 18 left
line 18 17 left
