floor 28 21 "Sheran 2F-1"
mark 15 16 3
mark 15 18 4
mark 15 6 5

mark 4 3 8
mark 6 3 9

mark 23 3 12
mark 25 3 13

mark 5 7 I
mark 7 7 J
mark 20 8 K
mark 21 8 L
mark 22 8 M
mark 23 8 N

line 3 2 top
line 3 2 left
line 2 3 top
line 2 3 left
line 2 4 top
line 3 4 left
line 3 5 top
line 4 2 top
line 5 2 top
line 6 2 top
line 7 2 left
line 7 3 top
line 8 3 left
line 7 4 top
line 7 4 left
line 6 5 top
line 5 5 top
line 4 5 top
line 5 8 top
line 5 8 left
line 5 9 top
line 6 9 top
line 7 9 top
line 8 9 left
line 7 10 top
line 6 10 top
line 5 10 top
line 5 10 left
line 5 11 left
line 6 8 top
line 7 8 top
line 8 8 top
line 9 8 top
line 10 8 left
line 10 9 left
line 10 10 left
line 10 11 left
line 9 12 top
line 6 12 top
line 5 12 top
line 7 12 left
line 9 12 left
line 9 13 left
line 9 14 left
line 9 15 left
line 9 16 left
line 7 16 left
line 7 15 left
line 7 14 left
line 7 13 left
line 6 17 top
line 5 17 top
line 5 17 left
line 5 18 top
line 6 18 left
line 6 19 top
line 7 19 top
line 8 19 top
line 9 17 top
line 10 17 top
line 11 17 top
line 11 19 top
line 10 19 top
line 9 19 top
line 12 19 left
line 12 20 top
line 13 20 left
line 13 21 top
line 14 21 top
line 15 21 top
line 16 21 top
line 17 20 left
line 17 20 top
line 18 19 left
line 18 19 top
line 18 17 top
line 18 16 left
line 12 16 left
line 13 18 top
line 13 17 left
line 13 17 top
line 14 17 left
line 16 18 top
line 16 17 left
line 16 17 top
line 17 17 left
line 13 13 left
line 13 14 top
line 14 13 left
line 13 13 top
line 16 14 top
line 16 13 left
line 16 13 top
line 17 13 left
line 12 15 left
line 12 14 left
line 12 13 left
line 18 15 left
line 18 14 left
line 18 13 left
line 13 9 left
line 13 9 top
line 14 9 left
line 13 10 top
line 16 10 top
line 16 9 left
line 16 9 top
line 17 9 left
line 12 9 left
line 12 10 left
line 12 11 left
line 12 12 left
line 18 9 left
line 18 10 left
line 18 11 left
line 18 12 left
line 13 6 top
line 13 6 left
line 12 7 top
line 12 7 left
line 12 8 left
line 17 7 top
line 17 6 left
line 18 7 left
line 18 8 left
line 16 6 top
line 15 6 top
line 14 6 top
line 19 17 top
line 20 17 top
line 23 17 top
line 24 17 top
line 25 17 left
line 24 18 top
line 24 18 left
line 19 19 top
line 20 19 top
line 21 19 top
line 22 19 top
line 23 19 top
line 21 16 left
line 21 15 left
line 21 14 left
line 21 13 left
line 21 12 left
line 23 12 left
line 23 13 left
line 23 14 left
line 23 15 left
line 23 16 left
line 20 12 top
line 20 11 left
line 20 10 left
line 20 9 left
line 20 8 left
line 20 9 top
line 21 8 left
line 20 8 top
line 21 8 top
line 22 8 top
line 22 9 top
line 22 8 left
line 21 9 top
line 23 8 left
line 23 9 top
line 24 9 top
line 25 9 left
line 25 10 left
line 25 11 left
line 23 12 top
line 24 12 top
line 23 5 top
line 23 4 left
line 22 4 top
line 22 3 left
line 22 3 top
line 23 2 left
line 23 2 top
line 24 2 top
line 25 2 top
line 26 2 top
line 27 2 left
line 27 3 top
line 28 3 left
line 27 4 top
line 27 4 left
line 26 5 top
line 25 5 top
line 24 5 top
