floor 26 13 "Sheran front"
mark 13 12 1
mark 13 2 2

line 4 3 top
line 5 3 top
line 6 3 top
line 7 3 top
line 8 3 top
line 9 3 top
line 10 3 top
line 11 3 left
line 11 4 top
line 12 4 top
line 13 3 left
line 15 3 left
line 15 4 top
line 16 4 top
line 17 3 left
line 17 3 top
line 18 3 top
line 19 3 top
line 20 3 top
line 21 3 top
line 22 3 top
line 23 3 top
line 24 3 left
line 24 4 left
line 4 3 left
line 4 4 left
line 3 5 top
line 3 5 left
line 2 6 top
line 2 6 left
line 2 7 top
line 3 7 left
line 2 8 top
line 2 8 left
line 2 9 top
line 3 9 top
line 4 9 top
line 5 9 top
line 6 9 top
line 7 9 top
line 8 9 top
line 9 9 left
line 9 10 top
line 10 10 top
line 11 10 top
line 12 10 left
line 16 10 left
line 16 10 top
line 12 11 left
line 12 12 left
line 12 13 top
line 13 13 top
line 14 13 top
line 15 13 top
line 16 12 left
line 16 11 left
line 17 10 top
line 19 10 top
line 18 10 top
line 20 10 top
line 21 9 left
line 21 9 top
line 22 9 top
line 23 9 top
line 24 9 top
line 25 9 top
line 26 8 left
line 25 8 top
line 25 7 left
line 25 7 top
line 26 6 left
line 25 6 top
line 25 5 left
line 24 5 top
line 13 2 left
line 13 2 top
line 14 2 top
line 15 2 left
