floor 34 26 "Sheran 3F-1"
mark 18 24 4
mark 17 2 5
mark 17 19 6
mark 2 5 7
mark 32 5 14

line 4 6 top
line 5 6 top
line 6 6 top
line 7 5 left
line 2 6 left
line 7 5 top
line 9 6 left
line 9 5 left
line 8 4 left
line 9 4 left
line 9 4 top
line 10 4 top
line 8 3 left
line 8 2 left
line 8 2 top
line 9 2 top
line 11 4 left
line 11 5 top
line 12 5 top
line 13 4 left
line 13 3 left
line 13 3 top
line 14 3 top
line 15 3 left
line 15 4 top
line 15 2 top
line 10 2 top
line 11 2 top
line 12 2 top
line 13 2 top
line 14 2 top
line 16 4 top
line 17 4 top
line 18 4 top
line 19 4 top
line 20 4 top
line 21 3 left
line 21 3 top
line 22 3 top
line 23 3 left
line 23 4 left
line 23 5 top
line 24 5 top
line 25 4 left
line 25 4 top
line 26 4 top
line 27 4 left
line 28 4 left
line 28 3 left
line 28 2 left
line 16 2 top
line 17 2 top
line 18 2 top
line 19 2 top
line 20 2 top
line 21 2 top
line 22 2 top
line 23 2 top
line 24 2 top
line 25 2 top
line 26 2 top
line 27 2 top
line 27 5 left
line 28 5 top
line 29 5 left
line 30 6 top
line 29 6 top
line 31 6 top
line 32 5 top
line 32 5 left
line 33 5 top
line 34 5 left
line 2 5 left
line 2 5 top
line 3 5 top
line 4 5 left
line 34 6 left
line 27 6 left
line 27 7 left
line 27 8 left
line 27 9 left
line 27 10 left
line 27 11 left
line 27 12 left
line 27 13 left
line 27 14 left
line 27 15 left
line 27 16 left
line 27 17 left
line 27 18 left
line 27 19 left
line 26 20 top
line 26 20 left
line 25 21 top
line 24 21 top
line 23 21 top
line 23 20 left
line 22 20 top
line 21 20 top
line 21 20 left
line 33 23 top
line 34 22 left
line 34 21 left
line 34 20 left
line 34 19 left
line 34 18 left
line 34 17 left
line 34 16 left
line 34 15 left
line 34 14 left
line 34 13 left
line 34 12 left
line 34 11 left
line 34 10 left
line 34 9 left
line 34 8 left
line 34 7 left
line 32 23 top
line 31 23 top
line 30 23 top
line 29 23 top
line 29 23 left
line 28 24 top
line 28 24 left
line 28 25 left
line 27 26 top
line 20 21 top
line 19 21 top
line 19 20 left
line 19 19 left
line 18 19 top
line 17 19 top
line 17 19 left
line 17 20 left
line 16 21 top
line 15 21 top
line 15 20 left
line 14 20 top
line 13 20 top
line 13 20 left
line 12 21 top
line 11 21 top
line 10 21 top
line 10 20 left
line 9 20 top
line 9 7 left
line 9 8 left
line 9 9 left
line 9 10 left
line 9 11 left
line 9 12 left
line 9 13 left
line 9 14 left
line 9 15 left
line 9 16 left
line 9 17 left
line 9 18 left
line 9 19 left
line 6 23 top
line 2 23 top
line 3 23 top
line 4 23 top
line 5 23 top
line 7 23 left
line 7 24 top
line 8 24 left
line 8 25 left
line 8 26 top
line 9 26 top
line 10 26 top
line 11 26 top
line 12 26 top
line 13 26 top
line 14 26 top
line 15 26 top
line 16 26 top
line 17 26 top
line 18 26 top
line 19 26 top
line 20 26 top
line 21 26 top
line 22 26 top
line 23 26 top
line 24 26 top
line 25 26 top
line 26 26 top
line 2 8 left
line 2 7 left
line 2 9 left
line 2 10 left
line 2 11 left
line 2 12 left
line 2 13 left
line 2 14 left
line 2 15 left
line 2 16 left
line 2 17 left
line 2 18 left
line 2 19 left
line 2 20 left
line 2 21 left
line 2 22 left
