floor 50 46 "Sheran town 1"
mark 24 2 1

line 23 3 left
line 23 2 left
line 23 4 left
line 23 5 left
line 23 6 left
line 23 2 top
line 24 2 top
line 25 2 top
line 26 2 top
line 27 2 left
line 27 3 left
line 27 4 left
line 27 5 left
line 27 6 left
line 22 7 top
line 21 7 top
line 23 8 top
line 23 8 left
line 23 9 top
line 24 8 left
line 21 9 top
line 21 9 left
line 21 10 top
line 22 10 top
line 22 9 top
line 23 9 left
line 20 7 top
line 19 7 top
line 18 7 top
line 17 7 top
line 16 7 top
line 16 7 left
line 16 8 top
line 17 8 top
line 18 8 top
line 19 8 left
line 18 9 top
line 18 9 left
line 17 10 top
line 16 10 top
line 15 10 top
line 14 10 top
line 13 10 top
line 13 10 left
line 13 11 top
line 14 11 top
line 15 11 top
line 16 11 left
line 16 12 top
line 17 12 left
line 16 13 top
line 15 13 top
line 15 12 left
line 14 12 top
line 13 12 top
line 13 12 left
line 13 13 top
line 14 13 left
line 14 14 top
line 15 14 top
line 16 14 top
line 17 14 top
line 18 14 top
line 19 14 top
line 19 13 top
line 19 12 left
line 19 12 top
line 20 12 top
line 21 12 left
line 20 13 top
line 20 14 top
line 21 14 top
line 22 13 left
line 22 13 top
line 23 12 left
line 23 12 top
line 24 12 left
line 24 13 left
line 26 13 left
line 26 12 left
line 26 12 top
line 27 12 left
line 27 13 top
line 28 13 left
line 28 14 top
line 29 14 top
line 29 13 top
line 29 12 left
line 29 12 top
line 30 12 top
line 31 12 left
line 30 13 top
line 27 7 top
line 28 7 top
line 29 7 top
line 30 7 left
line 30 8 top
line 31 8 top
line 32 8 top
line 33 8 top
line 27 9 top
line 27 9 left
line 27 10 top
line 28 10 top
line 29 9 left
line 28 9 top
line 33 9 top
line 32 9 top
line 32 9 left
line 32 10 top
line 32 11 top
line 32 11 left
line 32 12 top
line 33 12 left
line 33 13 top
line 33 10 top
line 35 10 top
line 34 10 top
line 36 10 top
line 37 10 left
line 36 11 top
line 35 11 top
line 34 11 top
line 33 11 top
line 34 7 left
line 34 7 top
line 35 7 top
line 36 7 left
line 36 8 top
line 37 8 top
line 37 9 top
line 36 9 top
line 35 9 top
line 34 9 top
line 38 8 top
line 39 8 top
line 38 9 left
line 38 10 top
line 34 13 top
line 35 12 left
line 35 12 top
line 36 12 top
line 37 12 left
line 36 13 top
line 36 13 left
line 35 14 top
line 34 14 top
line 32 14 top
line 33 14 top
line 31 14 top
line 30 14 top
line 40 7 left
line 39 10 top
line 40 10 top
line 41 10 top
line 41 9 top
line 42 9 left
line 41 8 left
line 41 8 top
line 42 7 left
line 39 7 top
line 39 6 left
line 39 6 top
line 40 6 top
line 41 6 top
line 42 5 left
line 42 7 top
line 43 6 left
line 43 6 top
line 44 5 left
line 43 5 top
line 43 4 left
line 41 5 top
line 41 4 left
line 40 4 top
line 40 3 left
line 40 3 top
line 41 2 left
line 43 4 top
line 44 3 left
line 43 3 top
line 43 2 left
line 41 2 top
line 42 2 top
line 23 14 left
line 23 14 top
line 22 15 top
line 22 15 left
line 21 16 top
line 20 16 top
line 26 14 top
line 27 14 left
line 27 15 top
line 28 15 left
line 28 16 top
line 29 16 top
line 30 16 left
line 30 17 top
line 31 17 top
line 32 16 left
line 32 16 top
line 29 20 top
line 28 20 top
line 28 20 left
line 33 16 top
line 34 16 top
line 35 16 top
line 36 15 left
line 35 20 top
line 34 20 top
line 33 20 top
line 32 20 top
line 31 20 top
line 30 20 top
line 36 20 left
line 36 15 top
line 37 14 left
line 37 14 top
line 36 17 left
line 36 17 top
line 37 17 top
line 38 17 left
line 37 18 top
line 36 18 top
line 38 14 top
line 39 14 top
line 40 14 top
line 41 14 top
line 39 15 top
line 40 15 top
line 41 15 top
line 42 14 left
line 39 15 left
line 39 16 top
line 40 16 left
line 40 17 top
line 41 17 left
line 40 18 top
line 40 18 left
line 39 19 top
line 39 19 left
line 38 20 top
line 38 20 left
line 38 21 top
line 39 21 left
line 38 22 top
line 38 22 left
line 38 23 top
line 39 23 top
line 40 23 top
line 41 23 top
line 42 23 top
line 43 23 left
line 42 24 top
line 42 24 left
line 41 25 top
line 41 25 left
line 40 25 left
line 39 26 top
line 38 26 top
line 38 25 left
line 39 25 top
line 38 25 top
line 41 26 top
line 42 26 left
line 42 27 top
line 43 27 top
line 44 27 top
line 45 27 left
line 45 28 top
line 46 28 top
line 38 27 left
line 38 27 top
line 39 27 top
line 40 27 left
line 39 28 top
line 38 28 top
line 47 28 top
line 48 28 top
line 49 27 left
line 49 27 top
line 49 30 top
line 48 30 top
line 47 30 top
line 46 30 top
line 45 30 top
line 44 30 top
line 44 30 left
line 42 30 left
line 41 30 top
line 40 30 top
line 40 30 left
line 40 31 top
line 41 31 top
line 43 31 top
line 43 31 left
line 43 32 top
line 44 32 left
line 43 33 top
line 42 33 top
line 41 33 top
line 41 33 left
line 41 34 top
line 43 34 top
line 42 34 top
line 44 34 top
line 45 34 top
line 46 34 top
line 47 33 left
line 47 33 top
line 48 32 left
line 48 32 top
line 49 31 left
line 49 31 top
line 40 33 left
line 39 34 top
line 38 34 top
line 38 33 top
line 38 33 left
line 39 33 top
line 38 32 top
line 37 32 top
line 37 31 left
line 37 31 top
line 38 31 top
line 39 31 left
line 38 37 top
line 38 37 left
line 38 38 top
line 39 38 top
line 40 37 left
line 39 37 top
line 41 38 top
line 41 38 left
line 41 39 top
line 42 38 top
line 43 38 top
line 44 38 top
line 45 38 top
line 49 39 top
line 48 38 top
line 47 38 top
line 46 38 top
line 49 38 left
line 50 27 left
line 50 28 left
line 50 29 left
line 50 31 left
line 50 32 left
line 50 33 left
line 50 34 left
line 50 35 left
line 50 36 left
line 50 37 left
line 50 38 left
line 42 39 left
line 42 40 top
line 43 40 left
line 42 41 top
line 42 41 left
line 42 42 top
line 43 42 left
line 42 43 top
line 42 43 left
line 41 44 top
line 40 44 top
line 39 44 top
line 38 44 top
line 37 44 top
line 37 44 left
line 36 45 top
line 36 45 left
line 35 45 left
line 34 45 top
line 35 46 top
line 33 45 top
line 33 45 left
line 32 46 top
line 31 46 top
line 31 45 left
line 30 45 top
line 29 45 top
line 29 45 left
line 28 46 top
line 28 45 left
line 27 45 top
line 26 45 top
line 26 45 left
line 36 37 left
line 36 38 left
line 36 39 left
line 35 40 top
line 34 40 top
line 33 40 top
line 33 39 left
line 33 38 left
line 29 40 top
line 28 40 top
line 31 38 left
line 31 39 left
line 30 40 top
line 28 39 left
line 28 38 left
line 28 37 left
line 26 41 top
line 27 41 top
line 28 41 left
line 27 42 top
line 26 42 top
line 26 41 left
line 27 39 top
line 26 39 top
line 26 38 left
line 26 38 top
line 27 38 top
line 23 39 top
line 22 39 top
line 22 38 left
line 22 38 top
line 23 38 top
line 24 38 left
line 23 41 top
line 22 41 top
line 22 41 left
line 22 42 top
line 23 42 top
line 24 41 left
line 26 36 top
line 27 36 top
line 28 36 left
line 26 35 left
line 26 35 top
line 27 35 top
line 28 35 left
line 23 36 top
line 22 36 top
line 22 35 left
line 22 35 top
line 23 35 top
line 24 35 left
line 26 33 top
line 26 32 left
line 26 32 top
line 27 32 top
line 28 32 left
line 27 33 top
line 28 33 left
line 28 34 left
line 28 32 top
line 29 31 left
line 35 31 left
line 35 32 top
line 36 32 left
line 36 33 left
line 36 34 left
line 36 35 left
line 36 36 left
line 29 31 top
line 30 31 top
line 31 31 top
line 32 31 top
line 33 31 top
line 34 31 top
line 29 27 top
line 30 27 top
line 31 26 left
line 33 26 left
line 33 27 top
line 28 27 top
line 28 21 left
line 28 22 left
line 28 23 left
line 28 24 left
line 28 25 left
line 28 26 left
line 34 27 top
line 35 27 top
line 36 26 left
line 36 25 left
line 36 24 left
line 36 23 left
line 36 22 left
line 36 21 left
line 30 26 top
line 29 26 top
line 33 26 top
line 34 26 top
line 29 25 left
line 29 24 left
line 29 23 left
line 29 23 top
line 30 23 top
line 32 23 top
line 31 23 top
line 33 23 top
line 34 23 top
line 35 23 left
line 35 24 left
line 35 25 left
line 30 38 top
line 30 38 left
line 29 39 top
line 33 38 top
line 34 38 left
line 34 39 top
line 29 38 left
line 29 37 left
line 29 36 top
line 29 36 left
line 30 36 top
line 31 35 left
line 30 35 top
line 29 35 top
line 31 34 top
line 31 33 left
line 31 33 top
line 32 33 top
line 33 33 left
line 32 34 top
line 33 35 left
line 33 35 top
line 34 35 top
line 33 36 top
line 34 36 top
line 35 36 left
line 35 37 left
line 35 38 left
line 35 34 left
line 35 33 left
line 34 33 top
line 34 32 left
line 29 34 left
line 29 33 top
line 29 33 left
line 30 32 left
line 30 32 top
line 31 32 top
line 32 32 top
line 33 32 top
line 24 46 top
line 25 46 top
line 24 45 left
line 23 45 top
line 22 45 top
line 22 45 left
line 21 42 top
line 22 40 left
line 22 39 left
line 22 37 left
line 22 36 left
line 22 34 left
line 22 33 left
line 22 33 top
line 23 33 top
line 24 32 left
line 23 32 top
line 22 32 top
line 22 32 left
line 21 32 top
line 20 32 top
line 19 32 top
line 19 31 left
line 18 31 top
line 17 31 top
line 16 31 top
line 15 31 top
line 14 31 top
line 14 31 left
line 14 32 left
line 14 33 left
line 14 34 left
line 14 35 left
line 14 36 left
line 14 37 left
line 14 38 left
line 14 39 left
line 14 40 left
line 14 41 left
line 18 42 top
line 17 42 top
line 16 42 top
line 15 42 top
line 14 42 top
line 19 41 left
line 21 41 left
line 21 40 left
line 21 39 left
line 18 41 top
line 17 41 top
line 16 41 top
line 15 41 top
line 15 40 left
line 15 39 top
line 15 39 left
line 16 39 top
line 17 39 top
line 18 39 top
line 19 38 left
line 19 37 left
line 19 36 left
line 21 36 left
line 21 38 left
line 21 37 left
line 18 36 top
line 18 35 left
line 18 34 left
line 17 34 top
line 17 34 left
line 17 35 left
line 16 36 top
line 16 35 left
line 16 34 left
line 15 34 top
line 15 33 left
line 15 33 top
line 16 32 left
line 16 32 top
line 17 32 left
line 17 33 top
line 18 33 top
line 19 33 top
line 20 33 top
line 21 33 left
line 21 34 left
line 21 35 left
line 14 45 top
line 13 45 top
line 13 45 left
line 15 45 left
line 15 46 top
line 17 46 top
line 16 46 top
line 18 46 top
line 19 46 top
line 20 46 top
line 21 46 top
line 12 46 top
line 11 46 top
line 10 46 top
line 9 46 top
line 9 45 left
line 8 45 top
line 7 45 top
line 6 45 top
line 6 44 left
line 5 44 top
line 5 43 left
line 5 43 top
line 6 42 left
line 6 42 top
line 7 41 left
line 6 41 top
line 6 40 left
line 6 40 top
line 7 39 left
line 6 39 top
line 6 38 left
line 5 38 top
line 8 38 top
line 8 37 left
line 8 37 top
line 9 37 top
line 10 37 left
line 9 38 top
line 4 38 top
line 3 38 top
line 2 38 top
line 1 37 left
line 2 38 left
line 1 39 top
line 1 38 left
line 1 36 left
line 1 35 left
line 1 34 left
line 1 34 top
line 2 34 top
line 3 33 left
line 3 33 top
line 4 32 left
line 4 32 top
line 5 31 left
line 4 31 top
line 4 30 left
line 2 30 top
line 3 30 top
line 2 30 left
line 1 31 top
line 2 27 top
line 3 27 top
line 2 26 left
line 1 26 top
line 1 26 left
line 1 27 left
line 1 28 left
line 1 29 left
line 1 30 left
line 4 27 top
line 5 27 top
line 6 26 left
line 5 26 top
line 5 25 left
line 5 25 top
line 6 24 left
line 5 24 top
line 5 23 left
line 5 23 top
line 6 23 top
line 7 23 top
line 8 22 left
line 8 22 top
line 9 22 left
line 9 23 left
line 9 24 left
line 9 25 left
line 9 26 left
line 9 27 top
line 10 26 left
line 10 25 left
line 10 24 left
line 12 27 top
line 12 26 left
line 12 26 top
line 13 26 top
line 14 25 left
line 14 24 left
line 13 24 top
line 12 24 top
line 11 24 top
line 10 24 top
line 13 27 top
line 14 27 top
line 15 26 left
line 15 25 left
line 15 24 left
line 15 23 left
line 15 22 left
line 15 21 left
line 15 20 left
line 14 20 top
line 13 20 top
line 13 19 left
line 14 19 top
line 13 19 top
line 15 19 left
line 9 21 left
line 9 20 left
line 9 20 top
line 11 20 top
line 10 20 top
line 12 20 top
line 14 18 top
line 13 18 top
line 12 18 top
line 11 18 top
line 10 18 top
line 9 18 top
line 9 19 left
line 9 19 top
line 10 19 top
line 11 19 left
line 8 18 top
line 8 18 left
line 8 19 top
line 16 19 top
line 16 19 left
line 15 18 top
line 16 18 top
line 17 17 left
line 17 17 top
line 18 17 top
line 19 17 top
line 20 16 left
line 19 19 top
line 18 19 top
line 17 19 top
line 20 19 top
line 21 19 top
line 22 19 left
line 16 20 left
line 16 21 left
line 16 22 left
line 16 23 left
line 16 25 left
line 16 24 left
line 16 26 left
line 22 20 left
line 22 21 left
line 22 22 left
line 22 23 left
line 22 24 left
line 22 25 left
line 22 26 left
line 21 27 top
line 18 27 top
line 17 27 top
line 16 27 top
line 19 26 left
line 18 26 top
line 17 26 top
line 17 25 left
line 17 24 left
line 17 24 top
line 18 23 left
line 18 23 top
line 19 23 top
line 20 23 top
line 21 23 left
line 21 24 left
line 21 25 left
line 21 26 left
