floor 42 37 "Sheran 1F-1"
mark 21 36 2
mark 22 26 3

mark 5 4 9
mark 22 8 10
mark 38 4 12

mark 7 19 A
mark 7 21 B
mark 11 19 C
mark 11 21 D
mark 32 19 E
mark 32 21 F
mark 36 19 G
mark 36 21 H

line 3 3 top
line 3 3 left
line 2 4 top
line 2 4 left
line 2 5 top
line 3 5 left
line 3 6 top
line 4 3 top
line 5 3 top
line 6 3 top
line 7 3 left
line 7 4 top
line 4 6 top
line 5 6 left
line 8 4 left
line 8 5 left
line 8 6 left
line 5 7 left
line 5 8 left
line 5 9 left
line 8 9 left
line 8 8 left
line 8 7 left
line 8 10 top
line 5 10 left
line 5 11 left
line 5 12 top
line 6 12 left
line 6 13 top
line 7 13 left
line 7 14 top
line 8 14 top
line 7 18 top
line 7 18 left
line 6 19 top
line 9 10 top
line 10 10 top
line 11 10 top
line 12 10 top
line 13 10 top
line 14 10 left
line 14 11 top
line 15 11 top
line 16 11 top
line 17 10 left
line 17 10 top
line 18 10 top
line 19 9 left
line 19 8 left
line 19 8 top
line 20 7 left
line 20 7 top
line 21 7 top
line 22 7 top
line 23 7 top
line 24 7 left
line 24 8 top
line 25 8 left
line 25 9 left
line 25 10 top
line 26 10 top
line 27 10 left
line 27 11 top
line 10 14 top
line 9 14 top
line 11 14 top
line 12 14 top
line 13 14 top
line 14 13 left
line 14 13 top
line 15 13 top
line 16 13 top
line 17 13 left
line 17 14 top
line 26 14 top
line 25 14 top
line 24 14 top
line 23 14 top
line 22 14 top
line 21 14 top
line 20 14 top
line 19 14 top
line 18 14 top
line 27 13 left
line 27 13 top
line 28 13 top
line 29 13 top
line 30 13 left
line 28 11 top
line 29 11 top
line 30 10 left
line 30 10 top
line 31 10 top
line 32 10 top
line 33 10 top
line 34 10 top
line 35 10 top
line 36 9 left
line 39 9 left
line 36 14 top
line 35 14 top
line 34 14 top
line 33 14 top
line 32 14 top
line 31 14 top
line 30 14 top
line 37 13 left
line 37 13 top
line 38 12 left
line 38 12 top
line 39 11 left
line 39 10 left
line 39 8 left
line 39 7 left
line 39 6 left
line 39 6 top
line 40 6 top
line 41 5 left
line 41 5 top
line 42 4 left
line 41 4 top
line 41 3 left
line 36 4 left
line 36 5 left
line 36 6 left
line 36 7 left
line 36 8 left
line 36 4 top
line 37 3 left
line 37 3 top
line 38 3 top
line 39 3 top
line 40 3 top
line 6 19 left
line 5 20 top
line 7 19 left
line 7 19 top
line 8 19 left
line 7 20 top
line 7 21 top
line 7 21 left
line 7 22 top
line 8 21 left
line 11 19 left
line 11 19 top
line 12 19 left
line 11 20 top
line 11 21 top
line 11 21 left
line 11 22 top
line 12 21 left
line 11 18 top
line 10 18 top
line 9 18 top
line 8 18 top
line 12 18 left
line 12 19 top
line 13 19 left
line 13 20 top
line 14 20 left
line 13 21 top
line 13 21 left
line 12 22 top
line 12 22 left
line 10 23 top
line 11 23 top
line 10 23 left
line 9 23 left
line 8 23 top
line 7 22 left
line 7 23 top
line 6 22 top
line 6 21 left
line 5 21 top
line 5 20 left
line 9 24 left
line 9 25 left
line 9 26 left
line 10 26 left
line 10 25 left
line 10 24 left
line 5 27 top
line 6 27 top
line 7 27 top
line 8 27 top
line 5 27 left
line 5 28 top
line 6 28 left
line 6 29 top
line 7 29 left
line 7 30 top
line 8 30 top
line 9 30 left
line 9 31 top
line 10 31 left
line 10 32 top
line 10 27 top
line 11 27 top
line 12 27 top
line 13 27 top
line 14 27 top
line 15 27 top
line 16 27 top
line 17 26 left
line 17 20 left
line 17 21 left
line 17 22 left
line 17 24 left
line 17 23 left
line 17 25 left
line 17 20 top
line 18 19 left
line 18 19 top
line 19 18 left
line 19 18 top
line 21 18 top
line 20 18 top
line 27 20 left
line 26 20 top
line 26 19 left
line 25 19 top
line 25 18 left
line 24 18 top
line 23 18 top
line 22 18 top
line 27 25 left
line 27 23 left
line 27 22 left
line 27 21 left
line 27 24 left
line 27 26 left
line 27 27 top
line 24 27 top
line 24 27 left
line 24 28 top
line 25 27 left
line 19 27 top
line 19 28 top
line 19 27 left
line 20 27 left
line 19 24 top
line 19 23 left
line 19 23 top
line 20 23 left
line 24 24 top
line 24 23 left
line 24 23 top
line 25 23 left
line 28 27 top
line 29 27 top
line 30 27 top
line 31 27 top
line 32 27 top
line 33 27 top
line 34 26 left
line 35 26 left
line 35 27 top
line 36 27 top
line 37 27 top
line 38 27 top
line 39 27 left
line 38 28 top
line 38 28 left
line 37 29 top
line 37 29 left
line 36 30 top
line 35 30 top
line 35 30 left
line 34 31 top
line 34 31 left
line 33 32 top
line 32 32 top
line 34 25 left
line 34 24 left
line 34 23 left
line 35 23 left
line 35 24 left
line 35 25 left
line 33 23 top
line 32 23 top
line 35 23 top
line 36 23 top
line 32 22 left
line 31 22 top
line 32 21 left
line 32 21 top
line 33 21 left
line 32 22 top
line 32 20 top
line 32 19 left
line 32 19 top
line 33 19 left
line 36 22 top
line 36 21 left
line 36 21 top
line 37 21 left
line 36 19 left
line 36 19 top
line 37 19 left
line 36 20 top
line 37 22 left
line 37 22 top
line 31 21 left
line 30 21 top
line 30 20 top
line 30 20 left
line 31 19 left
line 31 19 top
line 32 18 left
line 33 18 top
line 32 18 top
line 36 18 top
line 37 18 left
line 37 19 top
line 38 19 left
line 38 20 top
line 39 20 left
line 38 21 top
line 38 21 left
line 34 18 top
line 35 18 top
line 24 32 top
line 25 32 top
line 26 32 top
line 27 32 top
line 28 32 top
line 29 32 top
line 30 32 top
line 31 32 top
line 24 32 left
line 23 33 top
line 19 32 top
line 20 32 left
line 20 33 top
line 11 32 top
line 12 32 top
line 13 32 top
line 14 32 top
line 15 32 top
line 16 32 top
line 17 32 top
line 18 32 top
line 21 33 left
line 21 34 left
line 21 35 left
line 21 36 left
line 21 37 top
line 22 37 top
line 23 36 left
line 23 35 left
line 23 34 left
line 23 33 left
