floor 16 19 "Lorbenia Department store 3F"
mark 2 17 4

line 2 3 top
line 2 3 left
line 2 4 left
line 3 4 left
line 3 5 top
line 3 4 top
line 2 5 left
line 2 6 left
line 2 7 left
line 2 8 top
line 3 8 top
line 3 3 top
line 4 2 left
line 4 2 top
line 5 2 left
line 5 3 top
line 6 3 top
line 4 4 top
line 5 4 top
line 6 4 top
line 7 4 left
line 6 5 top
line 5 5 top
line 4 5 top
line 7 8 top
line 6 8 top
line 5 8 top
line 4 8 top
line 10 8 top
line 10 8 left
line 8 8 left
line 11 8 top
line 7 3 top
line 8 3 top
line 9 3 top
line 10 3 top
line 11 3 top
line 12 3 top
line 13 2 left
line 13 2 top
line 14 2 left
line 14 3 top
line 15 3 top
line 16 3 left
line 16 4 left
line 16 5 left
line 16 6 left
line 16 7 left
line 15 8 top
line 14 8 top
line 13 8 top
line 12 8 top
line 10 4 left
line 10 4 top
line 11 4 top
line 12 4 top
line 13 4 top
line 14 4 left
line 13 5 top
line 12 5 top
line 11 5 top
line 10 5 top
line 7 9 top
line 6 9 top
line 5 9 top
line 4 9 top
line 3 9 top
line 2 9 top
line 2 9 left
line 10 9 top
line 11 9 top
line 13 9 top
line 12 9 top
line 14 9 top
line 15 9 top
line 16 9 left
line 6 10 top
line 5 10 top
line 5 10 left
line 5 11 top
line 6 11 top
line 7 10 left
line 5 12 top
line 6 12 top
line 7 12 left
line 6 13 top
line 5 13 top
line 4 12 top
line 3 12 top
line 3 12 left
line 3 13 top
line 4 13 top
line 2 10 left
line 2 11 left
line 2 12 left
line 2 13 left
line 2 14 left
line 2 15 left
line 11 10 top
line 12 10 top
line 13 10 left
line 12 11 top
line 11 10 left
line 11 11 top
line 13 12 top
line 14 12 top
line 15 12 left
line 14 13 top
line 13 13 top
line 13 12 left
line 12 14 top
line 11 14 top
line 11 14 left
line 11 15 top
line 12 15 top
line 13 14 left
line 16 10 left
line 16 11 left
line 16 12 left
line 16 13 left
line 16 14 left
line 16 15 left
line 2 16 top
line 5 16 top
line 4 16 top
line 3 16 top
line 6 16 left
line 5 17 top
line 4 17 top
line 3 17 top
line 2 17 top
line 2 17 left
line 2 18 left
line 2 19 top
line 4 19 top
line 3 19 top
line 5 19 top
line 6 19 top
line 7 18 left
line 7 17 left
line 7 17 top
line 8 17 left
line 8 18 top
line 9 18 top
line 10 17 left
line 10 17 top
line 11 17 left
line 11 18 left
line 11 19 top
line 12 19 top
line 13 19 top
line 14 19 top
line 15 19 top
line 16 18 left
line 16 17 left
line 16 16 left
