floor 34 22 "Alekia 3F-2"
mark 5 12 10
mark 18 21 11
mark 30 12 12
mark 12 4 15
mark 24 4 16

mark 4 4 M
mark 7 3 N

line 5 4 top
line 5 4 left
line 4 5 top
line 3 5 top
line 3 5 left
line 6 4 top
line 7 4 top
line 8 4 top
line 9 4 left
line 9 5 left
line 8 6 top
line 8 6 left
line 8 7 top
line 9 6 left
line 9 6 top
line 10 6 left
line 10 7 left
line 10 8 left
line 9 9 top
line 8 9 top
line 7 9 top
line 7 9 left
line 5 9 left
line 4 9 top
line 3 9 top
line 3 6 left
line 3 7 left
line 3 8 left
line 5 10 left
line 5 11 left
line 5 12 left
line 5 13 top
line 6 13 top
line 7 12 left
line 7 11 left
line 7 10 left
line 12 5 left
line 12 4 left
line 12 4 top
line 13 3 left
line 13 3 top
line 14 3 top
line 15 3 top
line 16 3 top
line 17 3 left
line 17 4 top
line 18 4 top
line 19 4 top
line 20 3 left
line 20 3 top
line 22 3 top
line 21 3 top
line 23 3 top
line 24 3 left
line 24 4 top
line 25 4 left
line 25 5 left
line 25 6 left
line 25 7 left
line 25 8 left
line 23 8 left
line 22 8 top
line 22 8 left
line 22 9 top
line 15 8 left
line 14 8 top
line 14 8 left
line 14 9 top
line 22 11 top
line 22 11 left
line 22 12 top
line 23 11 left
line 22 14 top
line 22 14 left
line 22 15 top
line 23 14 left
line 25 14 left
line 25 13 left
line 25 12 left
line 25 11 left
line 25 10 left
line 25 9 left
line 25 15 left
line 24 16 top
line 24 16 left
line 20 17 top
line 21 17 top
line 22 17 top
line 23 17 top
line 20 17 left
line 17 17 left
line 14 11 left
line 14 11 top
line 15 11 left
line 14 12 top
line 14 14 top
line 14 14 left
line 14 15 top
line 15 14 left
line 16 17 top
line 15 17 top
line 14 17 top
line 13 17 top
line 13 16 left
line 12 16 top
line 12 6 left
line 12 7 left
line 12 8 left
line 12 9 left
line 12 10 left
line 12 11 left
line 12 12 left
line 12 13 left
line 12 14 left
line 12 15 left
line 17 18 left
line 17 19 left
line 17 20 left
line 17 21 left
line 17 22 top
line 18 22 top
line 19 22 top
line 20 21 left
line 20 20 left
line 20 19 left
line 20 18 left
line 27 9 top
line 27 8 left
line 27 7 left
line 27 7 top
line 28 7 top
line 29 7 top
line 30 6 left
line 29 6 top
line 28 6 top
line 28 9 top
line 29 9 top
line 30 9 left
line 32 9 left
line 32 9 top
line 33 9 top
line 34 7 left
line 34 8 left
line 32 7 top
line 33 7 top
line 32 6 left
line 32 6 top
line 33 6 top
line 34 5 left
line 34 4 left
line 33 4 top
line 32 4 top
line 31 4 top
line 30 4 top
line 30 4 left
line 29 5 top
line 28 5 top
line 28 5 left
line 30 10 left
line 30 11 left
line 30 12 left
line 30 13 top
line 31 13 top
line 32 12 left
line 32 11 left
line 32 10 left
