floor 45 47 "Grenoble"
mark 13 35 1
mark 5 22 2
mark 8 6 3
mark 17 7 4

mark 28 36 A
mark 5 21 B
mark 9 4 C

line 7 2 top
line 7 2 left
line 8 2 top
line 9 2 top
line 10 2 top
line 11 2 left
line 11 3 top
line 12 3 left
line 12 4 left
line 11 5 top
line 10 5 top
line 10 4 left
line 10 4 top
line 11 4 top
line 12 5 top
line 12 6 top
line 12 6 left
line 11 7 top
line 11 7 left
line 10 8 top
line 9 8 top
line 8 8 top
line 8 7 left
line 7 7 top
line 7 6 left
line 7 5 left
line 7 4 left
line 7 3 left
line 7 6 top
line 8 6 top
line 9 5 left
line 8 5 top
line 7 5 top
line 13 6 top
line 13 5 top
line 14 4 left
line 14 3 left
line 14 3 top
line 15 2 left
line 15 2 top
line 14 6 left
line 14 7 left
line 14 8 top
line 15 8 left
line 15 9 top
line 16 9 top
line 17 9 top
line 18 9 top
line 19 9 left
line 20 9 left
line 20 9 top
line 21 9 top
line 22 9 top
line 23 9 top
line 24 9 top
line 25 8 left
line 25 8 top
line 25 3 top
line 26 7 left
line 26 6 left
line 26 5 left
line 26 3 left
line 26 4 left
line 25 2 left
line 24 2 top
line 23 2 top
line 22 2 top
line 21 2 top
line 20 2 top
line 19 2 top
line 18 2 top
line 17 2 top
line 16 2 top
line 19 10 left
line 19 11 left
line 19 12 left
line 19 13 left
line 20 13 left
line 20 12 left
line 20 11 left
line 20 10 left
line 17 14 top
line 18 14 top
line 20 14 top
line 21 14 top
line 22 14 left
line 17 14 left
line 16 15 top
line 15 15 top
line 15 15 left
line 14 16 top
line 13 16 top
line 13 15 left
line 12 15 top
line 11 15 top
line 11 14 left
line 10 14 top
line 9 14 top
line 17 16 top
line 17 16 left
line 17 17 top
line 18 17 top
line 19 16 left
line 18 16 top
line 20 18 top
line 20 17 left
line 20 17 top
line 21 17 top
line 22 17 left
line 21 18 top
line 13 17 top
line 14 17 top
line 15 17 left
line 14 18 top
line 13 18 top
line 13 17 left
line 10 16 top
line 11 16 top
line 12 16 left
line 11 17 top
line 10 17 top
line 10 16 left
line 8 14 top
line 7 14 top
line 7 14 left
line 6 15 top
line 5 15 top
line 5 15 left
line 4 16 top
line 4 17 top
line 5 17 top
line 6 17 left
line 5 18 top
line 4 18 top
line 4 17 left
line 3 16 top
line 2 16 top
line 2 16 left
line 2 17 top
line 3 17 left
line 2 18 top
line 2 18 left
line 2 19 top
line 3 19 left
line 4 20 top
line 4 20 left
line 10 20 top
line 5 20 top
line 6 20 top
line 7 20 top
line 8 20 top
line 9 20 top
line 11 20 left
line 11 21 left
line 2 20 top
line 2 20 left
line 2 21 top
line 3 21 left
line 2 22 top
line 2 22 left
line 2 23 top
line 3 23 left
line 2 24 top
line 2 24 left
line 2 25 top
line 3 25 left
line 2 26 top
line 4 26 left
line 4 27 top
line 2 26 left
line 2 27 top
line 3 27 left
line 2 28 top
line 2 28 left
line 2 29 top
line 3 29 left
line 2 30 top
line 2 30 left
line 2 31 left
line 5 27 top
line 6 27 top
line 7 27 top
line 8 27 top
line 9 27 left
line 4 25 left
line 4 24 left
line 4 22 left
line 4 23 left
line 4 21 left
line 9 28 top
line 10 28 top
line 11 28 top
line 12 27 left
line 14 28 top
line 14 27 left
line 15 27 left
line 11 21 top
line 13 21 left
line 12 21 top
line 12 22 top
line 11 22 top
line 11 22 left
line 11 23 top
line 12 23 top
line 13 23 top
line 14 23 top
line 15 23 left
line 15 24 left
line 15 25 left
line 15 26 left
line 12 24 top
line 13 24 top
line 14 24 left
line 14 25 left
line 14 26 left
line 11 24 top
line 10 24 top
line 10 23 left
line 10 22 left
line 10 21 left
line 9 23 left
line 8 24 top
line 7 24 top
line 6 24 top
line 5 24 top
line 5 23 top
line 6 23 top
line 7 23 top
line 8 23 top
line 5 22 left
line 5 21 left
line 5 21 top
line 6 21 top
line 7 21 top
line 8 21 top
line 9 21 top
line 5 24 left
line 5 25 left
line 5 26 top
line 6 26 top
line 7 26 top
line 8 26 top
line 9 26 top
line 10 26 left
line 10 27 top
line 11 27 top
line 2 32 left
line 2 33 left
line 2 34 top
line 3 34 left
line 2 35 top
line 4 35 top
line 4 35 left
line 5 35 top
line 5 34 top
line 5 33 left
line 5 33 top
line 6 33 top
line 7 33 left
line 6 34 top
line 6 35 top
line 7 35 top
line 8 34 left
line 8 34 top
line 14 34 top
line 13 34 top
line 12 34 top
line 11 34 top
line 10 34 top
line 9 34 top
line 15 34 left
line 3 36 left
line 3 38 left
line 3 40 left
line 2 41 top
line 2 41 left
line 2 42 top
line 3 42 left
line 4 43 top
line 4 42 left
line 2 40 top
line 2 39 left
line 2 39 top
line 2 38 top
line 2 37 left
line 2 37 top
line 2 36 top
line 2 35 left
line 4 36 left
line 4 37 left
line 4 38 left
line 4 39 left
line 4 40 left
line 4 41 left
line 2 43 top
line 2 43 left
line 2 44 top
line 3 44 left
line 2 45 top
line 2 45 left
line 2 46 top
line 3 46 left
line 3 47 top
line 4 46 left
line 4 46 top
line 5 46 top
line 6 46 left
line 6 47 top
line 7 46 left
line 7 46 top
line 8 46 top
line 7 43 top
line 5 42 left
line 7 42 left
line 9 46 left
line 9 47 top
line 10 47 top
line 11 46 left
line 11 46 top
line 12 46 top
line 13 46 left
line 13 47 top
line 14 47 top
line 15 47 top
line 11 43 top
line 12 42 left
line 10 43 top
line 9 43 top
line 8 43 top
line 12 41 left
line 12 40 left
line 12 39 left
line 12 39 top
line 13 39 top
line 14 39 top
line 15 38 left
line 15 37 left
line 15 36 left
line 15 35 left
line 5 41 left
line 5 40 left
line 5 39 left
line 5 39 top
line 6 39 top
line 7 39 top
line 8 39 left
line 8 40 top
line 9 39 left
line 9 35 left
line 9 36 left
line 9 37 left
line 9 38 left
line 7 42 top
line 8 42 top
line 9 42 top
line 10 42 top
line 11 41 left
line 11 40 left
line 11 39 left
line 11 38 left
line 11 38 top
line 12 38 top
line 10 35 top
line 9 35 top
line 11 35 left
line 11 36 top
line 12 35 left
line 12 35 top
line 13 35 top
line 14 35 left
line 14 36 left
line 14 37 left
line 13 38 top
line 17 28 left
line 17 29 top
line 18 28 left
line 20 28 left
line 20 29 top
line 20 28 top
line 21 29 top
line 22 29 top
line 23 28 left
line 23 27 left
line 24 27 left
line 24 28 left
line 24 29 top
line 17 27 left
line 17 26 left
line 17 25 left
line 17 24 left
line 17 23 left
line 17 22 left
line 17 22 top
line 18 22 top
line 19 22 top
line 20 22 top
line 21 22 top
line 22 22 top
line 23 22 left
line 23 23 left
line 23 24 left
line 23 25 left
line 23 26 left
line 24 22 top
line 24 22 left
line 24 23 left
line 24 24 left
line 24 25 left
line 24 26 left
line 21 28 top
line 22 27 left
line 22 26 left
line 21 26 top
line 19 26 top
line 20 26 top
line 18 26 top
line 18 26 left
line 18 27 left
line 22 31 top
line 22 31 left
line 22 32 top
line 23 32 top
line 24 31 left
line 23 31 top
line 6 30 top
line 5 30 top
line 5 29 left
line 5 29 top
line 6 29 top
line 7 29 left
line 7 30 left
line 7 31 top
line 8 31 top
line 9 30 left
line 8 30 top
line 7 30 top
line 24 30 left
line 24 30 top
line 25 30 top
line 26 30 left
line 25 31 top
line 24 31 top
line 25 29 top
line 26 29 top
line 27 29 left
line 27 30 top
line 28 29 left
line 30 30 top
line 31 29 left
line 30 29 left
line 30 22 top
line 31 22 left
line 31 23 left
line 31 24 left
line 31 25 left
line 31 26 left
line 31 27 left
line 31 28 left
line 25 22 top
line 26 22 top
line 27 22 top
line 28 22 top
line 29 22 top
line 25 26 top
line 26 26 top
line 27 26 top
line 28 26 top
line 29 26 top
line 30 26 left
line 30 27 left
line 30 28 left
line 28 28 left
line 27 28 top
line 26 28 top
line 25 28 top
line 25 27 left
line 25 26 left
line 30 35 top
line 31 35 left
line 21 35 top
line 21 35 left
line 22 35 top
line 23 35 top
line 24 35 top
line 25 35 top
line 26 35 top
line 27 35 top
line 29 35 top
line 28 35 top
line 21 42 top
line 21 41 left
line 21 40 left
line 21 39 left
line 21 38 left
line 21 37 left
line 21 36 left
line 22 42 top
line 23 42 top
line 23 46 top
line 23 46 left
line 22 47 top
line 21 47 top
line 20 47 top
line 19 47 top
line 18 47 top
line 16 47 top
line 17 47 top
line 24 46 top
line 25 46 left
line 25 47 top
line 26 47 top
line 27 47 top
line 30 42 top
line 31 41 left
line 30 46 left
line 29 47 top
line 28 47 top
line 27 42 top
line 27 45 left
line 27 45 top
line 28 45 top
line 29 45 left
line 28 46 top
line 27 46 top
line 26 42 top
line 25 42 top
line 24 42 top
line 28 41 left
line 30 41 left
line 30 40 left
line 31 36 left
line 31 37 left
line 31 38 left
line 31 39 left
line 31 40 left
line 23 40 left
line 23 41 top
line 24 41 top
line 25 41 top
line 26 41 top
line 27 41 top
line 23 39 left
line 23 39 top
line 24 39 top
line 25 39 top
line 26 39 top
line 27 36 top
line 27 36 left
line 27 37 left
line 27 38 left
line 28 36 left
line 28 37 top
line 29 37 top
line 30 37 left
line 30 38 left
line 30 39 left
line 30 46 top
line 31 46 top
line 32 46 left
line 22 15 top
line 23 15 top
line 24 15 top
line 25 15 top
line 26 15 left
line 26 16 top
line 27 16 top
line 25 19 top
line 25 19 left
line 25 20 top
line 26 20 top
line 27 19 left
line 26 19 top
line 28 16 left
line 28 17 top
line 29 17 top
line 30 17 left
line 30 18 top
line 31 18 top
line 32 18 left
line 32 19 top
line 33 18 left
line 33 17 left
line 34 19 top
line 35 19 top
line 36 19 left
line 34 18 left
line 34 17 left
line 33 16 left
line 34 16 left
line 32 16 top
line 33 14 left
line 33 15 top
line 32 15 left
line 31 15 top
line 31 14 left
line 30 14 top
line 29 14 top
line 30 13 top
line 31 13 top
line 32 12 left
line 31 12 top
line 30 12 top
line 30 12 left
line 33 12 left
line 33 13 left
line 29 12 left
line 29 13 left
line 29 11 left
line 33 11 left
line 32 11 top
line 31 11 top
line 31 10 left
line 30 10 top
line 30 9 left
line 30 9 top
line 31 8 left
line 30 8 top
line 30 7 left
line 30 6 left
line 29 6 top
line 29 6 left
line 29 7 left
line 29 8 left
line 29 9 left
line 29 10 left
line 34 16 top
line 35 16 top
line 36 16 left
line 34 15 top
line 35 15 top
line 36 15 top
line 37 15 top
line 38 15 top
line 39 14 left
line 39 13 left
line 41 15 left
line 41 16 top
line 42 16 left
line 41 17 top
line 39 17 top
line 40 17 top
line 38 17 top
line 37 17 top
line 36 17 top
line 41 15 top
line 42 14 left
line 41 14 top
line 41 13 left
line 41 12 left
line 39 12 left
line 38 12 top
line 38 12 left
line 38 13 left
line 37 14 top
line 36 14 top
line 35 14 top
line 34 14 top
line 34 13 left
line 34 12 left
line 34 12 top
line 35 12 top
line 36 11 left
line 35 11 top
line 34 11 top
line 34 10 left
line 34 10 top
line 35 9 left
line 35 9 top
line 40 10 top
line 40 9 left
line 41 10 left
line 41 11 left
line 39 9 top
line 38 9 top
line 37 9 top
line 36 9 top
line 41 13 top
line 42 12 left
line 42 11 left
line 42 10 left
line 42 9 left
line 42 8 left
line 41 8 top
line 40 8 top
line 39 8 top
line 38 8 top
line 37 8 top
line 36 8 top
line 35 8 top
line 34 8 top
line 33 8 top
line 33 8 left
line 33 9 left
line 33 10 left
line 36 20 top
line 37 20 left
line 36 21 top
line 36 21 left
line 35 22 top
line 34 22 top
line 34 22 left
line 34 23 top
line 35 23 top
line 36 23 left
line 35 24 top
line 36 23 top
line 37 23 top
line 35 24 left
line 35 30 left
line 35 29 left
line 35 28 left
line 35 27 left
line 35 26 left
line 35 25 left
line 35 31 top
line 36 31 top
line 37 31 top
line 40 31 top
line 41 31 top
line 42 31 top
line 38 30 left
line 40 30 left
line 43 30 left
line 43 29 left
line 43 28 left
line 43 27 left
line 43 26 left
line 40 29 left
line 40 29 top
line 37 29 top
line 38 29 left
line 37 29 left
line 40 27 top
line 41 27 top
line 42 27 left
line 42 28 left
line 42 29 left
line 41 30 top
line 41 29 left
line 36 30 top
line 36 27 top
line 37 27 top
line 38 26 left
line 38 26 top
line 39 26 top
line 40 26 left
line 40 26 top
line 41 26 top
line 37 26 top
line 36 26 top
line 36 27 left
line 36 28 left
line 36 29 left
line 36 25 left
line 36 25 top
line 37 24 left
line 38 25 left
line 38 25 top
line 39 25 top
line 40 25 left
line 42 26 left
line 42 25 left
line 41 25 top
line 41 24 left
line 40 24 top
line 39 24 top
line 38 24 top
line 37 24 top
line 38 23 top
line 39 23 top
line 40 23 top
line 41 23 top
line 42 23 left
line 42 24 top
line 43 24 left
line 43 25 left
line 43 24 top
line 44 24 top
line 35 35 top
line 42 35 top
line 43 35 left
line 35 35 left
line 36 35 top
line 37 35 top
line 38 35 top
line 39 35 top
line 40 35 top
line 41 35 top
line 35 42 top
line 35 41 left
line 42 42 top
line 43 41 left
line 40 41 left
line 39 42 top
line 38 42 top
line 37 42 top
line 36 42 top
line 35 36 left
line 35 37 left
line 35 38 left
line 35 39 left
line 35 40 left
line 43 36 left
line 43 37 left
line 43 38 left
line 43 39 left
line 43 40 left
line 41 36 top
line 42 36 left
line 42 37 left
line 42 38 left
line 42 39 left
line 42 40 left
line 42 41 left
line 39 41 top
line 38 41 top
line 37 41 top
line 36 39 top
line 37 39 left
line 37 40 left
line 36 37 left
line 36 38 left
line 36 37 top
line 37 37 top
line 38 37 top
line 39 37 top
line 40 36 left
line 40 36 top
line 42 46 top
line 43 46 top
line 44 46 left
line 44 47 top
line 45 46 left
line 45 45 left
line 45 24 left
line 45 25 left
line 45 26 left
line 45 27 left
line 45 28 left
line 45 29 left
line 45 30 left
line 45 31 left
line 45 32 left
line 45 33 left
line 45 34 left
line 45 35 left
line 45 36 left
line 45 37 left
line 45 38 left
line 45 39 left
line 45 40 left
line 45 41 left
line 45 42 left
line 45 43 left
line 45 44 left
line 42 46 left
line 41 47 top
line 41 46 left
line 40 46 top
line 39 46 top
line 39 46 left
line 38 47 top
line 38 46 left
line 37 46 top
line 36 46 top
line 36 46 left
line 35 47 top
line 35 46 left
line 34 46 top
line 33 46 top
line 33 46 left
line 32 47 top
