floor 26 23 "Old Cave B3-4"

mark 3 4 4
mark 22 13 5

mark 5 2 L
mark 16 8 M
mark 15 11 N
mark 17 16 O
mark 7 16 P
mark 6 21 Q
mark 7 21 R
mark 24 21 S
mark 24 14 T

line 3 2 left
line 2 3 top
line 2 3 left
line 2 4 top
line 3 4 left
line 3 5 top
line 4 4 left
line 4 4 top
line 5 4 top
line 3 2 top
line 4 2 top
line 5 2 left
line 5 3 top
line 6 2 left
line 5 2 top
line 6 4 top
line 7 4 left
line 7 5 left
line 7 6 top
line 6 2 top
line 8 6 left
line 8 7 left
line 8 8 top
line 7 2 top
line 8 2 top
line 9 2 top
line 10 2 left
line 10 3 top
line 11 3 left
line 10 4 top
line 10 4 left
line 10 5 top
line 11 5 left
line 11 6 top
line 12 6 left
line 12 7 top
line 13 7 top
line 13 9 top
line 14 9 left
line 12 9 top
line 9 8 left
line 12 9 left
line 9 9 left
line 14 10 top
line 15 10 left
line 14 7 top
line 15 7 top
line 16 7 left
line 16 8 top
line 17 8 left
line 16 8 left
line 16 9 top
line 17 9 left
line 17 10 left
line 9 10 left
line 9 11 left
line 12 11 left
line 12 10 left
line 11 12 top
line 11 12 left
line 11 13 top
line 15 11 left
line 15 12 left
line 14 13 top
line 13 13 top
line 12 13 top
line 17 12 left
line 17 11 left
line 17 13 top
line 8 12 top
line 8 12 left
line 7 13 top
line 7 13 left
line 7 14 left
line 6 15 top
line 6 15 left
line 6 16 left
line 6 17 top
line 7 17 top
line 8 16 left
line 7 16 top
line 7 16 left
line 8 17 top
line 9 16 left
line 9 16 top
line 10 16 top
line 11 16 left
line 12 16 left
line 12 17 left
line 11 17 left
line 12 16 top
line 13 16 top
line 14 16 left
line 14 17 top
line 15 17 left
line 15 18 top
line 16 18 top
line 17 18 top
line 17 17 top
line 17 16 left
line 17 16 top
line 18 16 left
line 18 13 top
line 19 13 left
line 19 14 left
line 19 15 top
line 19 18 top
line 18 18 top
line 20 15 top
line 21 15 top
line 22 15 left
line 22 16 left
line 21 17 top
line 21 17 left
line 20 18 top
line 10 18 top
line 9 18 top
line 9 18 left
line 8 19 top
line 7 19 top
line 6 19 top
line 6 19 left
line 6 20 left
line 6 21 left
line 6 22 top
line 7 22 top
line 8 21 left
line 7 21 top
line 6 21 top
line 7 21 left
line 8 22 left
line 8 23 top
line 9 23 top
line 10 23 top
line 11 22 left
line 11 22 top
line 12 21 left
line 12 21 top
line 13 21 top
line 14 21 top
line 15 21 left
line 15 22 top
line 16 21 left
line 16 21 top
line 17 21 left
line 17 22 top
line 12 18 top
line 13 18 top
line 14 18 left
line 14 19 top
line 15 19 left
line 15 20 top
line 16 20 top
line 17 20 top
line 18 20 top
line 20 20 top
line 19 20 top
line 21 19 left
line 21 19 top
line 22 18 left
line 22 17 left
line 23 15 left
line 23 16 left
line 23 17 left
line 23 18 left
line 18 22 top
line 19 22 left
line 19 23 top
line 20 23 top
line 21 23 top
line 22 23 top
line 23 22 left
line 23 22 top
line 24 22 top
line 24 21 left
line 24 21 top
line 25 21 left
line 25 21 top
line 26 20 left
line 26 19 left
line 24 19 top
line 23 19 top
line 25 19 top
line 23 17 top
line 24 17 top
line 25 17 top
line 23 15 top
line 25 15 top
line 24 15 top
line 6 17 left
line 6 18 left
line 26 18 left
line 26 17 left
line 26 16 left
line 26 15 left
line 25 14 left
line 24 14 top
line 24 14 left
line 23 14 top
line 22 13 top
line 23 13 left
line 22 13 left
line 20 14 left
line 20 14 top
line 21 14 top
