floor 31 11 "Past 2F-7"
line 15 5 top
line 16 4 left
line 16 4 top
line 17 4 left
line 17 5 top
line 18 5 left
line 18 6 left
line 15 5 left
line 15 6 left
line 15 7 left
line 18 7 left
line 14 8 top
line 13 8 top
line 12 8 top
line 11 8 top
line 10 8 top
line 18 8 top
line 19 8 top
line 20 8 top
line 21 8 top
line 22 8 top
line 9 8 top
line 8 8 top
line 7 8 top
line 7 7 left
line 4 8 left
line 4 9 top
line 5 9 left
line 5 10 top
line 6 10 top
line 7 10 top
line 8 10 top
line 9 10 top
line 4 7 left
line 7 6 left
line 7 5 left
line 4 6 left
line 4 5 left
line 7 5 top
line 8 5 top
line 9 4 left
line 9 3 left
line 8 3 top
line 7 3 top
line 7 2 left
line 6 2 top
line 5 2 top
line 4 2 top
line 4 2 left
line 3 3 top
line 2 3 top
line 2 3 left
line 2 4 left
line 2 5 top
line 3 5 top
line 13 10 top
line 12 10 top
line 11 10 top
line 10 10 top
line 14 10 left
line 14 11 top
line 15 11 top
line 16 11 top
line 17 11 top
line 18 11 top
line 19 10 left
line 19 10 top
line 22 10 top
line 21 10 top
line 20 10 top
line 23 8 top
line 24 8 top
line 25 8 top
line 26 7 left
line 25 10 top
line 24 10 top
line 23 10 top
line 26 10 top
line 27 10 top
line 28 9 left
line 28 9 top
line 29 8 left
line 29 7 left
line 26 6 left
line 26 5 left
line 29 5 left
line 29 6 left
line 25 5 top
line 24 5 top
line 24 4 left
line 24 3 left
line 24 3 top
line 25 3 top
line 26 2 left
line 26 2 top
line 27 2 top
line 28 2 top
line 29 2 left
line 29 3 top
line 30 3 top
line 31 3 left
line 31 4 left
line 30 5 top
line 29 5 top

# event
mark 5 3 HP
mark 27 3 MP

# way
mark 16 4 13
