floor 16 22 "Lorbenia Department store 2F"
mark 2 4 2
mark 15 4 3
mark 2 19 4
mark 15 19 C

line 4 2 top
line 4 2 left
line 4 3 left
line 4 4 left
line 3 5 top
line 3 4 left
line 2 4 top
line 2 4 left
line 5 2 left
line 5 3 left
line 5 4 left
line 5 5 left
line 5 6 left
line 5 7 left
line 5 8 top
line 6 8 top
line 7 8 top
line 8 7 left
line 7 7 top
line 6 7 top
line 6 6 left
line 6 5 left
line 6 5 top
line 7 5 top
line 8 5 top
line 9 5 top
line 10 4 left
line 9 4 top
line 8 4 top
line 7 4 top
line 6 4 top
line 6 3 left
line 6 3 top
line 7 3 top
line 8 3 top
line 9 3 top
line 10 7 left
line 10 7 top
line 11 7 top
line 12 6 left
line 12 5 left
line 12 4 left
line 12 3 left
line 11 3 top
line 10 3 top
line 7 3 left
line 10 8 top
line 12 8 top
line 11 8 top
line 4 10 top
line 5 10 top
line 7 10 top
line 6 10 top
line 8 10 top
line 10 10 top
line 9 10 top
line 11 10 top
line 12 10 top
line 13 10 top
line 14 10 left
line 4 10 left
line 4 11 left
line 4 12 left
line 4 13 left
line 4 14 left
line 4 15 left
line 4 16 top
line 13 16 top
line 14 15 left
line 14 14 left
line 14 12 left
line 14 13 left
line 14 11 left
line 5 16 top
line 12 16 top
line 11 16 top
line 6 16 top
line 7 16 top
line 10 16 top
line 10 15 left
line 8 15 left
line 6 15 top
line 7 15 top
line 5 15 top
line 10 15 top
line 11 15 top
line 12 15 top
line 5 14 left
line 5 13 left
line 5 12 left
line 5 12 top
line 6 12 left
line 6 13 top
line 7 13 top
line 8 13 top
line 9 13 top
line 13 12 left
line 13 13 left
line 13 14 left
line 12 12 top
line 12 12 left
line 11 13 top
line 10 13 top
line 10 18 top
line 12 18 top
line 13 18 top
line 12 18 left
line 12 19 top
line 13 2 left
line 13 3 left
line 13 4 left
line 13 5 left
line 13 6 left
line 13 7 left
line 13 2 top
line 14 2 left
line 14 3 left
line 14 4 left
line 14 5 top
line 15 4 left
line 15 4 top
line 16 4 left
line 14 18 top
line 15 18 top
line 16 6 left
line 16 9 left
line 16 12 left
line 16 14 left
line 16 16 left
line 16 17 left
line 16 15 left
line 16 13 left
line 16 11 left
line 16 10 left
line 16 8 left
line 16 7 left
line 16 5 left
line 11 18 left
line 11 19 left
line 11 20 left
line 11 21 top
line 12 21 top
line 13 21 top
line 14 21 top
line 15 21 top
line 16 20 left
line 16 19 left
line 15 19 top
line 14 19 top
line 13 19 top
line 15 19 left
line 15 20 top
line 10 18 left
line 10 19 left
line 10 20 left
line 10 21 left
line 9 22 top
line 8 22 top
line 8 21 left
line 8 20 left
line 8 19 left
line 8 18 left
line 7 18 top
line 7 18 left
line 7 19 left
line 7 20 left
line 6 21 top
line 5 21 top
line 4 21 top
line 3 21 top
line 2 21 top
line 2 20 left
line 2 19 left
line 2 19 top
line 3 19 top
line 4 19 top
line 5 19 top
line 6 18 left
line 5 18 top
line 4 18 top
line 3 18 top
line 2 18 top
line 2 5 left
line 2 6 left
line 2 7 left
line 2 8 left
line 2 9 left
line 2 10 left
line 2 11 left
line 2 12 left
line 2 13 left
line 2 14 left
line 2 15 left
line 2 16 left
line 2 17 left
