floor 28 29 "Old Cave B2-1"
mark 5 2 1
mark 11 24 2
mark 26 5 3

mark 8 3 A
mark 2 4 B
mark 7 7 C
mark 2 17 D
mark 5 20 E
mark 5 24 F
mark 7 28 G
mark 9 28 H
mark 12 26 I
mark 8 13 L
mark 17 12 M
mark 25 19 N
mark 26 19 O
mark 20 10 P
mark 17 9 Q
mark 20 6 R

line 4 3 top
line 2 4 top
line 3 3 left
line 3 3 top
line 5 2 left
line 5 2 top
line 6 2 left
line 6 3 top
line 7 3 top
line 8 3 top
line 9 3 left
line 8 4 top
line 8 3 left
line 9 4 top
line 10 4 left
line 10 5 left
line 9 5 left
line 8 5 top
line 9 6 top
line 5 5 top
line 6 5 top
line 7 5 top
line 5 5 left
line 4 6 top
line 2 4 left
line 2 5 top
line 3 4 left
line 2 5 left
line 4 6 left
line 2 6 left
line 4 7 left
line 4 8 left
line 4 9 top
line 5 9 top
line 2 9 left
line 2 10 left
line 2 11 left
line 2 12 top
line 3 11 left
line 3 11 top
line 4 11 top
line 5 11 left
line 5 12 left
line 2 7 left
line 2 8 left
line 6 8 left
line 6 8 top
line 7 8 top
line 7 7 top
line 7 7 left
line 8 7 left
line 8 8 left
line 8 9 left
line 8 10 top
line 9 10 left
line 9 11 left
line 9 12 top
line 10 12 top
line 8 14 top
line 8 13 left
line 8 13 top
line 9 13 left
line 9 14 top
line 7 14 top
line 7 14 left
line 5 13 left
line 4 14 top
line 6 15 top
line 6 15 left
line 6 16 left
line 4 14 left
line 3 15 top
line 3 15 left
line 2 16 top
line 2 16 left
line 2 17 left
line 2 17 top
line 3 17 left
line 2 18 top
line 2 18 left
line 2 19 left
line 5 20 left
line 5 20 top
line 5 21 top
line 6 20 left
line 6 19 left
line 6 18 left
line 6 17 left
line 6 21 left
line 6 22 left
line 6 23 left
line 6 24 top
line 7 24 left
line 7 25 top
line 8 25 top
line 9 25 top
line 2 20 left
line 2 21 left
line 2 22 left
line 2 23 left
line 2 24 left
line 2 25 left
line 2 26 left
line 2 27 left
line 2 28 top
line 3 28 left
line 3 29 top
line 4 29 top
line 5 29 top
line 6 29 top
line 7 29 top
line 7 28 left
line 7 28 top
line 8 28 left
line 8 29 top
line 9 28 left
line 9 28 top
line 10 28 left
line 9 29 top
line 10 29 top
line 10 25 top
line 11 24 left
line 11 24 top
line 12 24 left
line 12 25 top
line 13 25 left
line 12 26 top
line 12 26 left
line 12 27 top
line 13 26 left
line 13 27 top
line 14 27 left
line 13 28 top
line 13 28 left
line 12 29 top
line 11 29 top
line 10 14 top
line 11 12 top
line 12 12 top
line 13 12 top
line 14 12 top
line 15 12 top
line 16 11 left
line 16 11 top
line 17 10 left
line 17 9 left
line 17 10 top
line 18 9 left
line 17 9 top
line 18 9 top
line 14 14 top
line 13 14 top
line 12 14 top
line 11 14 top
line 15 13 left
line 15 13 top
line 16 13 top
line 17 13 top
line 17 12 left
line 17 12 top
line 18 12 left
line 18 13 top
line 19 13 left
line 19 14 left
line 19 8 left
line 19 8 top
line 20 7 left
line 20 6 left
line 20 7 top
line 21 6 left
line 20 6 top
line 21 6 top
line 20 11 top
line 20 10 left
line 20 10 top
line 21 10 left
line 21 9 left
line 21 11 left
line 21 9 top
line 22 9 top
line 22 6 top
line 19 15 top
line 20 15 left
line 20 16 left
line 19 17 top
line 19 17 left
line 18 18 top
line 18 18 left
line 18 19 left
line 18 20 top
line 21 17 left
line 21 16 left
line 21 15 left
line 21 14 left
line 21 12 left
line 21 13 left
line 21 18 top
line 22 18 left
line 22 19 top
line 19 20 left
line 19 21 top
line 20 21 top
line 21 21 top
line 23 19 top
line 24 19 top
line 25 19 top
line 25 19 left
line 25 20 top
line 26 19 left
line 26 20 top
line 27 19 left
line 26 19 top
line 27 19 top
line 28 19 left
line 28 20 left
line 27 21 top
line 26 21 top
line 25 21 top
line 24 21 top
line 23 21 top
line 22 21 top
line 23 9 top
line 24 9 top
line 25 9 top
line 26 9 top
line 27 9 top
line 28 8 left
line 28 7 left
line 28 6 left
line 27 6 top
line 27 5 left
line 26 5 top
line 26 5 left
line 25 6 top
line 24 6 top
line 23 6 top
