floor 29 10 "Wiz 3F-1"
mark 5 3 10
mark 9 7 11
mark 14 7 12
mark 27 4 13

line 2 2 top
line 3 2 top
line 4 2 top
line 5 2 top
line 6 2 top
line 7 2 left
line 7 3 left
line 7 4 top
line 7 5 top
line 6 5 top
line 5 5 top
line 4 5 top
line 2 5 top
line 3 5 top
line 8 5 left
line 8 6 top
line 9 6 left
line 9 7 left
line 10 7 left
line 10 6 left
line 10 4 left
line 9 4 top
line 8 4 top
line 10 5 top
line 11 5 top
line 12 5 top
line 13 5 top
line 13 6 top
line 12 6 top
line 11 6 top
line 10 6 top
line 14 6 left
line 14 7 left
line 9 8 top
line 14 8 top
line 15 7 left
line 15 6 left
line 15 6 top
line 16 6 top
line 17 6 top
line 18 6 top
line 19 6 top
line 19 5 top
line 18 5 top
line 17 5 top
line 16 5 top
line 15 5 top
line 14 5 top
line 20 5 top
line 21 5 top
line 22 5 left
line 22 6 left
line 22 7 left
line 22 8 left
line 22 9 top
line 20 10 top
line 20 9 left
line 20 8 left
line 20 7 left
line 20 6 left
line 21 10 top
line 22 10 top
line 23 9 top
line 24 9 top
line 25 9 top
line 25 10 top
line 24 10 top
line 23 10 top
line 26 5 left
line 26 6 left
line 26 7 left
line 26 8 left
line 26 10 top
line 27 10 top
line 28 10 top
line 29 9 left
line 29 8 left
line 29 7 left
line 29 6 left
line 29 5 left
line 28 5 top
line 28 4 left
line 27 4 top
line 27 4 left
line 26 5 top
