floor 24 26 "Wiz 1F-1"
mark 11 25 1
mark 22 14 2
mark 8 10 4
mark 19 2 6

line 2 3 top
line 3 3 top
line 4 2 left
line 4 2 top
line 4 4 top
line 4 4 left
line 5 4 top
line 4 5 left
line 4 6 left
line 4 7 left
line 4 8 left
line 4 9 left
line 4 10 left
line 4 11 left
line 4 12 left
line 4 13 left
line 4 14 left
line 4 15 top
line 6 4 top
line 7 4 top
line 8 4 top
line 9 4 top
line 10 4 top
line 11 4 top
line 12 4 top
line 13 4 top
line 14 4 top
line 15 4 top
line 16 4 top
line 17 4 top
line 18 4 top
line 19 4 top
line 20 2 left
line 19 2 top
line 20 3 top
line 21 3 top
line 22 3 left
line 21 4 top
line 20 4 top
line 5 2 top
line 6 2 top
line 7 2 top
line 8 2 top
line 9 2 top
line 10 2 top
line 11 2 top
line 12 2 top
line 13 2 top
line 14 2 top
line 15 2 top
line 16 2 top
line 17 2 top
line 18 2 top
line 4 17 top
line 4 17 left
line 5 15 top
line 6 15 top
line 7 14 left
line 6 17 top
line 5 17 top
line 7 17 top
line 8 17 top
line 9 17 top
line 10 16 left
line 10 15 left
line 10 14 left
line 7 13 left
line 7 12 left
line 7 11 left
line 7 11 top
line 8 10 left
line 8 10 top
line 9 10 left
line 9 11 top
line 10 11 left
line 10 12 left
line 10 13 left
line 4 18 left
line 4 19 left
line 4 20 top
line 2 20 top
line 2 3 left
line 2 4 left
line 2 5 left
line 2 6 left
line 2 7 left
line 2 8 left
line 2 9 left
line 2 10 left
line 2 11 left
line 2 12 left
line 2 13 left
line 2 14 left
line 2 15 left
line 2 16 left
line 2 17 left
line 2 18 left
line 2 19 left
line 3 20 left
line 3 22 top
line 3 21 left
line 4 22 top
line 5 22 top
line 6 22 top
line 7 22 top
line 8 22 top
line 9 22 top
line 10 22 top
line 11 22 left
line 10 20 top
line 9 20 top
line 8 20 top
line 7 20 top
line 6 20 top
line 5 20 top
line 11 20 top
line 12 20 top
line 11 23 left
line 11 24 left
line 11 25 left
line 11 26 top
line 12 25 left
line 12 24 left
line 12 23 left
line 12 22 left
line 12 22 top
line 13 22 top
line 14 22 top
line 15 22 top
line 16 22 top
line 17 22 top
line 18 22 top
line 19 22 top
line 20 22 top
line 20 20 top
line 19 20 top
line 18 20 top
line 17 20 top
line 16 20 top
line 15 20 top
line 14 20 top
line 13 20 top
line 21 19 left
line 21 22 top
line 22 22 top
line 23 21 left
line 23 20 left
line 23 19 left
line 21 18 left
line 21 17 left
line 23 17 left
line 23 18 left
line 23 17 top
line 24 16 left
line 24 15 left
line 23 15 top
line 23 14 left
line 22 14 top
line 22 14 left
line 21 15 top
line 21 15 left
line 21 16 left
