floor 21 22 "Wiz 2F-4"
mark 3 7 14
mark 14 19 15
mark 19 19 16
mark 14 9 17

line 2 2 top
line 2 2 left
line 2 3 left
line 3 2 top
line 4 2 top
line 5 4 top
line 5 2 top
line 5 4 left
line 5 5 left
line 4 6 top
line 2 6 top
line 2 5 left
line 2 4 left
line 3 6 left
line 3 7 left
line 3 8 top
line 4 7 left
line 4 6 left
line 6 4 top
line 7 4 top
line 8 4 top
line 9 4 left
line 10 2 top
line 11 2 left
line 9 2 top
line 6 2 top
line 7 2 top
line 8 2 top
line 11 4 left
line 11 3 left
line 9 5 left
line 9 6 left
line 9 7 left
line 9 8 left
line 9 9 left
line 8 10 top
line 7 10 top
line 7 10 left
line 7 11 left
line 7 12 top
line 8 12 top
line 9 12 left
line 11 9 left
line 11 8 left
line 11 7 left
line 11 6 left
line 11 5 left
line 11 10 top
line 11 12 top
line 12 10 top
line 13 10 top
line 14 9 left
line 14 9 top
line 15 9 left
line 15 10 top
line 16 10 left
line 16 11 left
line 15 12 top
line 14 12 top
line 13 12 top
line 12 12 top
line 11 12 left
line 11 13 left
line 11 14 left
line 11 15 left
line 11 16 left
line 11 17 left
line 11 18 left
line 11 19 left
line 11 20 top
line 9 13 left
line 9 14 left
line 9 15 left
line 9 16 left
line 9 17 left
line 9 18 left
line 9 19 left
line 9 20 left
line 9 21 left
line 9 22 top
line 10 22 top
line 11 22 top
line 12 20 top
line 13 20 top
line 14 19 left
line 14 19 top
line 15 19 left
line 15 20 top
line 15 22 top
line 14 22 top
line 13 22 top
line 12 22 top
line 16 20 top
line 17 20 top
line 18 20 top
line 19 19 left
line 19 19 top
line 20 20 top
line 20 19 left
line 21 20 left
line 21 21 left
line 20 22 top
line 19 22 top
line 18 22 top
line 17 22 top
line 16 22 top
