floor 24 19 "Wiz 3F-5"
mark 19 7 18
mark 20 15 19
mark 3 13 21

line 6 3 top
line 7 3 top
line 8 3 top
line 9 3 top
line 10 3 top
line 11 2 left
line 13 2 left
line 13 3 top
line 14 3 top
line 15 3 top
line 16 3 top
line 17 3 top
line 18 3 left
line 18 4 left
line 18 5 top
line 19 5 top
line 20 5 left
line 20 6 top
line 21 7 left
line 21 7 top
line 17 8 top
line 18 8 top
line 19 8 top
line 20 8 top
line 22 7 top
line 23 7 top
line 24 6 left
line 23 6 top
line 22 6 top
line 21 6 top
line 17 7 left
line 16 7 top
line 15 7 top
line 15 6 left
line 14 6 top
line 13 6 top
line 12 6 top
line 11 6 top
line 11 6 left
line 11 7 left
line 6 3 left
line 6 4 left
line 6 5 left
line 5 6 top
line 4 6 top
line 4 6 left
line 4 7 left
line 10 8 top
line 10 8 left
line 10 9 left
line 10 10 left
line 9 8 left
line 8 8 left
line 8 9 top
line 5 9 top
line 5 8 left
line 6 8 left
line 8 7 left
line 8 7 top
line 9 7 left
line 5 7 left
line 5 7 top
line 6 7 left
line 8 10 top
line 8 10 left
line 8 11 left
line 8 12 top
line 9 11 left
line 9 10 left
line 5 10 top
line 6 10 left
line 6 11 left
line 5 12 top
line 5 11 left
line 5 10 left
line 4 11 left
line 4 10 left
line 4 8 left
line 4 9 left
line 10 11 left
line 3 12 top
line 10 12 left
line 10 13 left
line 10 14 top
line 11 14 top
line 12 14 top
line 13 14 left
line 13 15 top
line 14 15 top
line 15 15 top
line 16 15 top
line 17 15 left
line 17 16 top
line 18 16 top
line 19 16 top
line 20 15 left
line 20 15 top
line 21 15 left
line 21 16 top
line 22 16 left
line 22 17 left
line 22 18 left
line 17 19 top
line 18 19 top
line 19 19 top
line 20 19 top
line 21 19 top
line 10 19 top
line 11 19 top
line 12 19 top
line 13 19 top
line 14 19 top
line 15 19 top
line 16 19 top
line 10 18 left
line 9 18 top
line 8 18 top
line 7 18 top
line 7 17 left
line 7 16 left
line 6 16 top
line 5 16 top
line 4 16 top
line 3 16 top
line 3 15 left
line 2 15 top
line 2 14 left
line 2 13 left
line 2 12 left
line 2 12 top
