floor 17 12 "Old Cave B2-3"
mark 3 11 3

mark 14 7 S
mark 16 5 T
mark 16 4 U
mark 15 2 V
mark 14 2 W

line 3 12 top
line 3 11 left
line 4 11 left
line 2 11 top
line 2 10 left
line 2 9 left
line 2 9 top
line 3 9 top
line 4 9 top
line 5 9 top
line 6 8 left
line 5 11 top
line 4 11 top
line 6 11 top
line 7 11 top
line 8 10 left
line 8 10 top
line 9 9 left
line 9 8 left
line 9 7 left
line 9 6 left
line 9 6 top
line 6 6 left
line 6 7 left
line 6 6 top
line 7 5 left
line 7 4 left
line 7 4 top
line 8 3 left
line 8 3 top
line 9 3 top
line 10 3 left
line 10 4 top
line 11 4 top
line 12 4 top
line 13 3 left
line 13 2 left
line 13 2 top
line 14 2 left
line 14 3 top
line 15 2 left
line 14 2 top
line 11 6 top
line 10 6 top
line 12 6 left
line 12 7 top
line 13 7 top
line 14 7 left
line 14 8 top
line 14 7 top
line 15 7 left
line 15 8 top
line 16 7 left
line 16 7 top
line 17 6 left
line 16 6 top
line 16 5 left
line 16 5 top
line 17 5 left
line 16 4 left
line 16 4 top
line 17 4 left
line 16 3 left
line 15 3 top
line 15 2 top
line 16 2 left
