floor 34 29 "Past 4F-2"
line 20 27 left
line 21 27 left
line 20 28 left
line 21 28 left
line 20 29 top
line 19 27 top
line 21 27 top
line 19 26 left
line 19 25 left
line 19 24 left
line 22 24 left
line 22 26 left
line 22 25 left
line 19 21 left
line 22 21 left
line 22 22 top
line 22 24 top
line 18 24 top
line 18 22 top
line 17 22 top
line 17 24 top
line 17 21 left
line 16 21 top
line 16 24 top
line 15 24 top
line 15 23 left
line 15 21 top
line 14 21 top
line 13 21 top
line 13 23 top
line 14 23 top
line 13 20 left
line 12 20 top
line 11 20 top
line 11 23 top
line 12 23 top
line 10 23 top
line 10 22 left
line 9 22 top
line 8 22 top
line 8 21 left
line 11 19 left
line 10 19 top
line 10 18 left
line 8 18 left
line 8 20 left
line 8 19 left
line 8 17 left
line 8 16 left
line 10 16 left
line 10 17 left
line 7 16 top
line 7 15 left
line 10 15 left
line 10 15 top
line 11 15 top
line 12 14 left
line 12 13 left
line 12 12 left
line 11 12 top
line 10 12 top
line 10 11 left
line 7 11 left
line 7 12 left
line 7 13 left
line 7 14 left
line 10 10 left
line 10 9 left
line 10 8 left
line 7 10 left
line 7 9 left
line 7 8 left
line 7 8 top
line 8 7 left
line 10 7 left
line 8 6 left
line 8 5 left
line 8 5 top
line 9 5 top
line 10 7 top
line 10 5 top
line 11 7 top
line 12 7 top
line 13 6 left
line 11 4 left
line 11 4 top
line 12 4 top
line 13 4 top
line 14 3 left
line 13 6 top
line 14 6 top
line 15 6 top
line 16 5 left
line 16 5 top
line 14 3 top
line 15 3 top
line 16 3 top
line 17 2 left
line 17 5 top
line 18 5 top
line 19 5 left
line 19 6 left
line 19 7 top
line 20 7 top
line 21 7 top
line 22 6 left
line 22 5 left
line 22 5 top
line 22 2 top
line 21 2 top
line 20 2 top
line 19 2 top
line 18 2 top
line 17 2 top
line 23 5 top
line 24 5 top
line 25 5 left
line 25 6 top
line 24 3 top
line 24 2 left
line 23 2 top
line 25 3 top
line 26 3 top
line 27 3 left
line 27 4 top
line 28 4 top
line 29 4 top
line 30 4 left
line 26 6 top
line 27 6 top
line 28 6 left
line 28 7 top
line 29 7 top
line 30 7 top
line 30 5 top
line 31 7 left
line 31 5 top
line 32 5 top
line 33 5 left
line 33 6 left
line 33 7 left
line 33 8 top
line 34 8 left
line 31 8 left
line 31 9 left
line 34 9 left
line 31 10 left
line 31 11 left
line 30 12 top
line 29 12 top
line 29 12 left
line 29 13 left
line 29 14 left
line 29 15 top
line 30 15 top
line 34 14 left
line 34 13 left
line 34 12 left
line 34 11 left
line 34 10 left
line 34 15 left
line 33 16 top
line 31 15 left
line 33 16 left
line 31 16 left
line 31 17 left
line 31 18 left
line 33 18 left
line 33 17 left
line 30 19 top
line 30 19 left
line 29 20 top
line 28 20 top
line 28 20 left
line 33 19 left
line 33 20 left
line 33 21 left
line 31 22 top
line 32 22 top
line 31 22 left
line 30 23 top
line 29 23 top
line 27 21 top
line 26 21 top
line 25 21 top
line 24 21 top
line 24 21 left
line 23 22 top
line 23 24 top
line 24 24 top
line 25 24 top
line 26 23 left
line 26 23 top
line 27 23 top
line 28 23 top
line 19 21 top
line 20 20 left
line 19 20 top
line 21 20 top
line 21 20 left
line 21 21 top
line 19 19 left
line 19 18 left
line 19 17 left
line 22 17 left
line 22 18 left
line 22 19 left
line 19 16 left
line 22 16 left
line 18 16 top
line 18 15 left
line 22 16 top
line 23 15 left
line 17 15 top
line 16 15 top
line 16 14 left
line 16 13 left
line 16 12 left
line 16 12 top
line 17 12 top
line 18 11 left
line 18 11 top
line 19 11 top
line 23 15 top
line 24 15 top
line 25 14 left
line 25 13 left
line 25 12 left
line 24 12 top
line 23 12 top
line 23 11 left
line 22 11 top
line 21 11 top
line 20 11 top
line 18 13 left
line 18 13 top
line 19 13 left
line 18 14 top
line 22 14 top
line 22 13 left
line 22 13 top
line 23 13 left

# treasure
mark 20 6 J
mark 11 13 K
mark 29 13 L

# way
mark 20 28 15
mark 20 13 16
