floor 25 27 "Spider B1-3"

mark 23 25 3
mark 20 1 4
mark 3 3 5

line 2 2 top
line 2 2 left
line 2 3 left
line 2 4 left
line 2 5 top
line 3 5 top
line 4 5 top
line 5 4 left
line 5 4 top
line 3 2 top
line 4 2 top
line 5 2 top
line 6 4 top
line 7 4 left
line 6 2 top
line 7 2 top
line 8 2 left
line 8 3 top
line 9 3 left
line 9 4 top
line 10 4 left
line 7 5 top
line 8 5 left
line 10 5 left
line 10 6 left
line 10 7 left
line 10 8 left
line 10 9 left
line 10 10 left
line 10 11 top
line 8 10 left
line 8 6 left
line 8 7 left
line 8 8 left
line 8 9 left
line 8 11 left
line 8 12 left
line 8 13 left
line 8 14 left
line 8 15 top
line 9 15 left
line 10 16 top
line 9 16 top
line 10 14 left
line 10 15 top
line 11 14 left
line 10 14 top
line 12 14 top
line 12 14 left
line 13 14 left
line 12 15 top
line 11 16 left
line 12 16 left
line 12 16 top
line 13 16 top
line 14 16 top
line 15 15 left
line 15 15 top
line 16 15 top
line 17 14 left
line 17 14 top
line 18 13 left
line 18 12 left
line 18 11 left
line 11 11 top
line 12 11 top
line 13 11 top
line 15 11 top
line 14 11 top
line 16 11 top
line 17 11 top
line 11 17 left
line 12 17 left
line 10 18 top
line 9 18 top
line 9 17 left
line 8 17 top
line 8 17 left
line 8 18 left
line 8 19 left
line 8 20 top
line 9 20 left
line 9 21 top
line 10 21 top
line 11 21 top
line 12 21 left
line 12 22 top
line 12 18 top
line 13 18 top
line 14 18 top
line 15 17 left
line 15 17 top
line 16 17 top
line 17 16 left
line 17 16 top
line 18 15 left
line 18 14 left
line 13 22 left
line 13 23 top
line 14 23 top
line 15 23 top
line 16 23 top
line 17 23 left
line 17 24 top
line 18 24 top
line 19 23 left
line 19 23 top
line 20 23 top
line 21 23 left
line 21 24 top
line 22 24 left
line 22 25 left
line 22 26 left
line 22 27 top
line 25 23 left
line 25 24 left
line 25 25 left
line 23 23 top
line 24 23 top
line 24 26 top
line 23 26 top
line 23 26 left
line 23 22 left
line 20 22 top
line 21 22 top
line 22 22 top
line 20 21 left
line 20 20 left
line 20 19 left
line 20 18 left
line 20 17 left
line 20 16 left
line 20 16 top
line 21 16 top
line 22 15 left
line 22 15 top
line 23 15 top
line 24 14 left
line 24 14 top
line 25 13 left
line 18 12 top
line 19 12 top
line 20 12 top
line 21 12 top
line 22 11 left
line 22 11 top
line 23 10 left
line 25 12 left
line 25 11 left
line 25 10 left
line 23 9 left
line 23 8 left
line 23 7 left
line 23 6 left
line 23 5 left
line 25 5 left
line 25 6 left
line 25 7 left
line 25 8 left
line 25 9 left
line 25 4 left
line 25 3 left
line 24 3 top
line 24 2 left
line 23 2 top
line 22 5 top
line 22 4 left
line 21 4 top
line 20 4 top
line 19 4 top
line 18 4 top
line 18 3 left
line 18 2 left
line 18 2 top
line 19 2 top
line 20 1 left
line 20 1 top
line 21 1 left
line 21 2 top
line 22 2 top
