floor 18 28 "Wiz 4F-1"
mark 10 26 21
mark 10 15 22

mark 12 3 M
mark 13 3 N

line 3 6 top
line 4 6 top
line 5 5 left
line 5 7 top
line 6 7 top
line 3 6 left
line 3 7 left
line 3 8 left
line 5 7 left
line 5 8 left
line 5 4 left
line 5 4 top
line 6 4 top
line 7 5 left
line 7 6 left
line 7 3 left
line 7 3 top
line 8 3 top
line 9 2 left
line 11 2 left
line 11 3 top
line 7 5 top
line 8 5 top
line 9 5 top
line 10 5 top
line 12 3 top
line 13 3 top
line 14 3 left
line 13 4 top
line 13 3 left
line 12 3 left
line 12 4 top
line 11 5 top
line 12 5 top
line 13 5 top
line 14 4 top
line 15 4 top
line 14 5 top
line 15 5 top
line 16 4 top
line 17 4 top
line 18 4 left
line 18 5 left
line 16 5 left
line 16 6 left
line 16 7 left
line 16 8 left
line 16 9 left
line 16 10 left
line 16 11 left
line 16 12 left
line 16 13 left
line 16 14 left
line 15 15 top
line 14 15 top
line 14 15 left
line 18 6 left
line 18 7 left
line 18 8 left
line 18 9 left
line 18 10 left
line 18 11 left
line 18 12 left
line 18 13 left
line 18 14 left
line 18 15 left
line 17 16 top
line 17 16 left
line 16 17 top
line 15 17 top
line 15 17 left
line 14 18 top
line 13 18 top
line 12 18 top
line 12 16 top
line 13 16 top
line 11 16 top
line 11 15 left
line 10 15 top
line 10 15 left
line 12 18 left
line 9 16 top
line 9 18 left
line 8 16 top
line 7 16 top
line 8 18 top
line 7 18 top
line 6 18 top
line 7 15 left
line 6 15 top
line 5 15 top
line 6 17 left
line 5 17 top
line 4 17 top
line 4 16 left
line 3 16 top
line 3 15 left
line 5 14 left
line 5 13 left
line 5 12 left
line 5 11 left
line 5 10 left
line 5 9 left
line 3 9 left
line 3 10 left
line 3 11 left
line 3 12 left
line 3 13 left
line 3 14 left
line 9 19 left
line 9 20 left
line 9 21 left
line 9 22 left
line 9 23 left
line 9 24 left
line 8 25 top
line 7 25 top
line 6 25 top
line 6 25 left
line 6 26 top
line 7 26 left
line 7 27 top
line 8 27 top
line 9 27 left
line 9 28 top
line 12 19 left
line 12 20 left
line 12 21 left
line 12 22 left
line 12 23 left
line 12 24 left
line 12 25 top
line 11 28 top
line 10 28 top
line 12 27 left
line 12 27 top
line 13 27 top
line 14 26 left
line 14 26 top
line 15 25 left
line 14 25 top
line 13 25 top
