floor 31 19 "Goblin B2-1"
mark 11 3 1
mark 8 5 2
mark 7 4 3
mark 7 6 5
mark 28 4 6
mark 23 15 7
mark 3 3 8

mark 22 11 B
mark 23 11 C
mark 29 8 D

line 2 2 top
line 3 2 top
line 4 2 left
line 4 3 top
line 5 3 top
line 6 3 left
line 2 2 left
line 2 3 left
line 2 4 left
line 6 4 left
line 6 5 left
line 6 6 left
line 6 7 left
line 6 8 top
line 7 8 top
line 8 8 left
line 8 9 top
line 6 2 left
line 6 2 top
line 7 2 top
line 8 2 top
line 9 2 left
line 9 3 left
line 9 4 left
line 9 5 left
line 9 6 left
line 9 7 left
line 9 8 left
line 4 7 top
line 4 6 left
line 4 6 top
line 5 6 left
line 6 8 left
line 6 9 left
line 6 10 left
line 6 10 top
line 7 10 left
line 7 11 top
line 8 11 top
line 9 10 left
line 9 9 left
line 5 11 top
line 5 11 left
line 5 9 top
line 5 9 left
line 4 10 top
line 4 10 left
line 3 10 left
line 2 10 top
line 2 9 left
line 2 8 left
line 2 7 left
line 2 6 left
line 2 5 left
line 3 11 left
line 4 11 left
line 4 12 top
line 2 12 top
line 9 3 top
line 10 3 top
line 11 2 left
line 11 2 top
line 12 2 top
line 13 2 top
line 14 2 top
line 15 2 left
line 15 3 top
line 16 3 top
line 14 3 top
line 14 3 left
line 14 4 top
line 15 3 left
line 14 6 top
line 14 6 left
line 15 6 left
line 14 7 top
line 17 6 left
line 17 5 left
line 17 4 left
line 17 3 left
line 17 7 top
line 18 7 left
line 18 8 top
line 19 8 top
line 9 9 top
line 10 9 left
line 10 10 top
line 11 10 top
line 12 10 top
line 13 10 top
line 14 10 left
line 14 11 top
line 17 4 top
line 18 4 top
line 19 4 top
line 20 4 left
line 20 5 top
line 21 5 top
line 15 11 left
line 15 12 top
line 16 12 top
line 17 12 top
line 18 12 left
line 18 13 top
line 19 13 left
line 19 14 top
line 20 14 top
line 21 12 top
line 21 11 left
line 21 11 top
line 22 11 left
line 22 11 top
line 23 11 top
line 24 11 top
line 25 11 left
line 24 12 top
line 23 12 top
line 22 12 top
line 24 11 left
line 23 11 left
line 25 14 top
line 24 14 top
line 23 14 top
line 21 14 top
line 22 14 top
line 26 13 left
line 26 13 top
line 27 12 left
line 27 11 left
line 27 10 left
line 26 10 top
line 26 9 left
line 25 9 top
line 25 8 left
line 24 8 top
line 23 8 top
line 22 8 top
line 21 8 top
line 20 8 top
line 22 5 left
line 22 6 top
line 23 6 top
line 24 5 left
line 24 5 top
line 25 4 left
line 25 4 top
line 26 3 left
line 26 3 top
line 27 3 top
line 28 3 top
line 29 3 top
line 23 15 left
line 23 15 top
line 24 15 left
line 24 16 top
line 22 16 top
line 30 3 left
line 30 4 top
line 31 4 left
line 31 5 left
line 31 6 left
line 31 7 left
line 31 8 left
line 31 9 left
line 30 10 top
line 30 10 left
line 29 11 top
line 29 11 left
line 29 12 left
line 29 13 left
line 27 13 left
line 29 14 left
line 27 14 left
line 26 15 top
line 26 15 left
line 25 16 top
line 29 15 left
line 29 16 left
line 29 17 left
line 28 18 top
line 28 18 left
line 27 19 top
line 26 19 top
line 24 19 top
line 25 19 top
line 23 19 top
line 22 19 top
line 21 16 top
line 20 16 top
line 19 16 top
line 19 15 left
line 18 15 top
line 18 14 left
line 17 14 top
line 16 14 top
line 15 14 top
line 15 13 left
line 14 13 top
line 14 12 left
line 13 12 top
line 12 12 top
line 17 19 top
line 18 19 top
line 19 19 top
line 20 19 top
line 21 19 top
line 17 18 left
line 16 18 top
line 16 17 left
line 15 17 top
line 14 17 top
line 13 17 top
line 10 12 top
line 11 12 top
line 10 11 left
line 9 11 top
line 9 16 left
line 9 17 top
line 10 17 top
line 11 17 top
line 12 17 top
line 8 16 top
line 8 15 left
line 7 15 top
line 6 15 top
line 5 15 top
line 8 14 top
line 8 13 left
line 8 13 top
line 9 13 left
line 6 13 left
line 6 13 top
line 7 13 left
line 6 14 top
line 2 12 left
line 2 13 left
line 2 14 top
line 3 14 left
line 3 15 top
line 4 15 top
