floor 18 13 "Goblin B2-2"
mark 3 11 3
mark 16 2 4

line 2 10 left
line 2 11 left
line 2 12 left
line 2 13 top
line 3 13 top
line 4 13 top
line 5 12 left
line 5 11 left
line 5 10 left
line 4 10 top
line 2 10 top
line 3 9 left
line 4 9 left
line 3 8 left
line 3 7 left
line 3 6 left
line 3 5 left
line 3 4 left
line 3 3 left
line 3 2 left
line 3 2 top
line 4 3 top
line 4 3 left
line 4 4 left
line 4 5 left
line 4 6 left
line 4 7 left
line 4 8 left
line 4 2 top
line 5 3 top
line 6 3 top
line 7 3 top
line 8 3 top
line 9 3 top
line 10 3 top
line 11 3 top
line 12 3 left
line 12 4 top
line 13 4 left
line 13 5 left
line 14 4 left
line 14 5 left
line 14 4 top
line 15 3 left
line 15 2 left
line 12 2 top
line 13 2 top
line 14 2 top
line 5 2 top
line 6 2 top
line 7 2 top
line 8 2 top
line 9 2 top
line 10 2 top
line 11 2 top
line 13 6 left
line 13 7 left
line 14 6 left
line 14 7 left
line 12 8 top
line 12 8 left
line 12 9 left
line 13 10 top
line 12 10 top
line 14 9 top
line 14 9 left
line 15 9 left
line 15 10 top
line 14 8 top
line 15 4 left
line 15 5 left
line 15 6 left
line 15 7 left
line 15 3 top
line 16 2 left
line 16 2 top
line 17 2 left
line 17 3 top
line 16 10 top
line 17 9 left
line 17 9 top
line 18 8 left
line 18 7 left
line 18 6 left
line 18 5 left
line 18 4 left
line 18 3 left
