floor 35 21 "Guy's house"
mark 27 5 A
mark 6 3 B

line 6 4 top
line 7 3 left
line 7 3 top
line 8 3 top
line 9 3 top
line 10 3 left
line 10 4 top
line 11 4 left
line 9 4 left
line 7 4 top
line 8 4 top
line 7 4 left
line 7 5 top
line 8 5 top
line 11 5 left
line 11 6 left
line 11 7 left
line 10 8 top
line 9 8 top
line 8 8 top
line 8 8 left
line 8 9 top
line 9 9 top
line 10 9 top
line 11 9 top
line 12 8 left
line 12 7 left
line 12 6 left
line 12 5 left
line 12 4 left
line 12 3 left
line 6 4 left
line 6 5 left
line 6 6 left
line 6 7 left
line 6 8 left
line 5 9 top
line 5 8 left
line 4 8 top
line 4 8 left
line 3 9 top
line 3 9 left
line 2 10 top
line 2 10 left
line 2 11 top
line 3 11 left
line 3 12 top
line 4 12 top
line 5 12 left
line 4 13 top
line 3 13 top
line 3 13 left
line 3 14 top
line 4 14 left
line 4 15 top
line 5 15 left
line 4 16 top
line 4 16 left
line 4 17 top
line 5 17 top
line 6 17 left
line 5 18 top
line 4 18 top
line 4 18 left
line 4 19 top
line 5 19 top
line 6 19 top
line 7 19 top
line 8 18 left
line 8 18 top
line 9 18 top
line 10 18 left
line 10 19 top
line 11 19 left
line 13 19 left
line 13 19 top
line 14 18 left
line 14 18 top
line 11 20 left
line 11 21 top
line 12 21 top
line 13 20 left
line 15 18 top
line 16 18 left
line 16 19 top
line 17 19 top
line 18 18 left
line 18 18 top
line 19 18 top
line 16 17 top
line 16 16 left
line 16 16 top
line 17 16 top
line 18 16 left
line 17 17 top
line 15 16 top
line 14 16 top
line 14 15 left
line 14 15 top
line 15 15 top
line 16 15 left
line 16 14 top
line 16 13 left
line 16 13 top
line 17 13 top
line 18 13 left
line 17 14 top
line 20 18 top
line 21 18 top
line 22 17 left
line 21 17 top
line 21 16 left
line 21 16 top
line 23 16 left
line 22 16 top
line 23 17 top
line 24 17 left
line 23 18 top
line 22 18 top
line 22 18 left
line 22 19 top
line 23 19 top
line 24 19 top
line 25 18 left
line 25 17 left
line 25 16 left
line 25 15 left
line 25 14 left
line 21 14 top
line 22 14 top
line 23 14 top
line 24 14 top
line 21 13 left
line 21 12 left
line 21 11 top
line 21 11 left
line 21 10 top
line 21 9 left
line 21 8 left
line 21 7 left
line 20 7 top
line 19 7 top
line 18 7 top
line 17 7 top
line 17 6 left
line 12 2 left
line 12 2 top
line 11 2 top
line 9 2 top
line 10 2 top
line 8 2 top
line 7 2 top
line 6 2 top
line 5 2 top
line 5 2 left
line 5 3 left
line 5 4 left
line 5 5 left
line 5 6 left
line 5 7 left
line 13 2 top
line 14 2 left
line 14 3 top
line 15 3 top
line 16 2 left
line 16 2 top
line 17 2 left
line 17 3 left
line 17 4 left
line 17 5 left
line 22 11 top
line 22 10 top
line 23 11 left
line 23 12 top
line 24 12 top
line 25 12 top
line 26 12 top
line 27 12 left
line 27 19 top
line 27 18 left
line 27 17 left
line 27 16 left
line 27 15 left
line 27 14 left
line 27 13 left
line 28 19 top
line 29 19 top
line 30 19 top
line 31 19 top
line 32 18 left
line 32 18 top
line 33 17 left
line 33 17 top
line 34 16 left
line 34 16 top
line 35 15 left
line 34 15 top
line 34 14 left
line 34 14 top
line 35 13 left
line 34 13 top
line 34 12 left
line 34 12 top
line 35 11 left
line 34 11 top
line 34 10 top
line 34 10 left
line 35 9 left
line 34 9 top
line 34 8 left
line 33 8 top
line 33 7 left
line 33 7 top
line 34 6 left
line 33 6 top
line 33 5 left
line 33 5 top
line 34 4 left
line 33 4 top
line 33 3 left
line 33 3 top
line 34 2 left
line 33 2 top
line 33 1 left
line 23 9 left
line 23 8 left
line 23 7 left
line 23 6 left
line 23 5 left
line 22 5 top
line 21 5 top
line 20 5 top
line 19 5 top
line 19 4 left
line 19 3 left
line 19 2 left
line 19 2 top
line 20 2 left
line 20 3 top
line 21 3 top
line 22 2 left
line 22 2 top
line 23 1 left
line 23 1 top
line 24 1 top
line 25 1 top
line 26 1 top
line 27 1 top
line 28 1 top
line 29 1 top
line 30 1 top
line 31 1 top
line 32 1 top
line 27 5 left
line 27 5 top
line 28 5 left
line 27 6 top
